domain:wenshushu.com
domain:wenxiaozhan.cn
domain:123278.com
domain:123294.com
domain:123624.com
domain:123641.com
domain:123842.com
domain:123860.com
domain:123912.com
domain:123952.com
domain:123957.com
domain:lanzoug.com
domain:123pan.com
domain:123panpay.com
domain:guangyacdn.com
domain:guangyapan.com
domain:sq.cc
domain:ctfile.com
domain:feimaoyun.com
domain:filez.com
domain:jianguoyun.com
domain:anxia.com
domain:116cd.net
domain:116cd.com
domain:share123.top
domain:weiyun.com
domain:116cd.cn
domain:yunpan.com
domain:alicloudccp.com
domain:alipan.com
domain:lanzouf.com
domain:aliyundrive.com
domain:aliyundrive.net
domain:115vod.com
domain:c-t.work
domain:cowcs.com
domain:cowtransfer.com
domain:baidupan.com
domain:ilanzou.com
domain:lanosso.com
domain:lanrar.com
domain:lanzou.com
domain:lanzoub.com
domain:lanzouc.com
domain:123254.com
domain:aliyundrive.cloud
domain:123pan.cn
domain:lanzouh.com
domain:lanzoui.com
domain:lanzouj.com
domain:lanzouk.com
domain:lanzoul.com
domain:lanzoum.com
domain:lanzouo.com
domain:lanzoup.com
domain:lanzouq.com
domain:lanzous.com
domain:lanzout.com
domain:lanzouu.com
domain:lanzouv.com
domain:lanzouw.com
domain:lanzoux.com
domain:lanzouy.com
domain:lanzov.com
domain:woozooo.com
domain:wenshushu.cn
domain:123245.com
domain:lanzoue.com
domain:wenxiaozhan.com
domain:wenxiaozhan.net
domain:wss.cc
domain:wss.email
domain:wss.ink
domain:wss.pet
domain:wss.show
domain:wss.zone
domain:wss1.cn
domain:115.com
domain:115cdn.com
domain:115cdn.net
domain:115cloud.cn
domain:115cloud.com
domain:115cloud.net
domain:115img.com
domain:115meta.com
domain:yunpan.aliyun.com
domain:yun.139.com
domain:pan.xunlei.com
domain:pan.quark.cn
domain:pan.baidu.com
domain:cloud.189.cn
