regex:^[a-z]([a-z0-9-]{0,61}[a-z0-9])?$
domain:wwwicloud.com
domain:5post.market
domain:106.100.in-addr.arpa
domain:88.100.in-addr.arpa
domain:pinterest.tw
domain:vk-apps.ru
domain:thevault.bz
domain:test-ipv6.noroutetohost.net
domain:kazanexpress.ru
domain:xboxgamestudios.com
domain:orithegame.com
domain:95.100.in-addr.arpa
domain:osint.sh
domain:retracker.sevstar.net
domain:vtb24.ru
domain:yadro.ru
domain:torrentsnipe.info
domain:bryansk.ru
domain:tracker.leechers-paradise.org
domain:extracker.dahrkael.net
domain:1drv.com
domain:zabedu.ru
domain:twinmotion.com
domain:tracker.gcrenwp.top
domain:xboxstudios.com
domain:koli.services
domain:localhost.ptlogin2.qq.com
domain:data.microsoft.com
domain:2ip.ru
domain:public.popcorn-tracker.org
domain:x5.ru
domain:onedrive.com
domain:tamtam.chat
domain:test-ipv6.alpinedc.ch
domain:tracker.tasvideos.org
domain:bankermak.ru
domain:iad.apple.com
domain:x5q.ru
domain:vk.team
domain:anidex.moe
domain:yandex.tm
domain:tracker.btsync.gq
domain:107.100.in-addr.arpa
domain:79.100.in-addr.arpa
domain:tracker.gigatorrents.ws
domain:sev.ru
domain:tatarstan.ru
domain:appleicloud.cn
domain:krd.ru
domain:tochka-tech.com
domain:get-ipv6.com
domain:magadan.ru
domain:exodus.desync.com
domain:pinterest.id
domain:test-ipv6.hu
domain:kaspersky.com
domain:126.100.in-addr.arpa
domain:torrent.arjlover.net
domain:mycdn.me
domain:bank131.com
domain:vkvideo.ru
domain:tracker.skynetcloud.site
domain:ipgeo.vercel.app
domain:tracker.teambelgium.net
domain:eft-project.com
domain:easyanticheat.net
domain:iplocation.com
domain:mizuhogroup.com
domain:freestylediabetes.ru
domain:pinterestmail.com
domain:109.100.in-addr.arpa
domain:reallyfreegeoip.org
domain:vladimir.ru
domain:sbercoin.com
domain:mvk.com
domain:capturingreality.com
domain:tracker.e-utp.net
domain:daveking.com
domain:2gis.ae
domain:vtb-russia.com
domain:2gis.cz
domain:check-host.net
domain:forever-tracker.zooki.xyz
domain:tsaritsyn.ru
domain:russiacalling.com
domain:myip.fi
domain:riot.net
domain:test-ipv6.cz
domain:pinterest.se
domain:tc-boxing.com
domain:edadeal.ru
domain:myip.pw
domain:rutubelist.ru
domain:icloudo.net
domain:tracker.renfei.net
domain:fastvps.ru
domain:kemerovo.ru
domain:tracker.pirateparty.gr
domain:tracker.halfchub.club
domain:d.f.ip6.arpa
domain:tracker2.itzmx.com
domain:government.ru
domain:tracker.lelux.fi
domain:elitezones.ro
domain:retracker.akado-ural.ru
domain:dom.ru
domain:taximaxim.ru
domain:myip.wtf
domain:test-ipv6.epic.network
domain:ipwhois.io
domain:yandex.kg
domain:mosobleirc.ru
domain:grozny.ru
domain:x5l.ru
domain:yandex.by
domain:dnevnik.ru
domain:uxfeedback.ru
domain:pinterest.kr
domain:tracker.zum.bi
domain:wink.ru
domain:112.100.in-addr.arpa
domain:tracker.alaskantf.com
domain:leagueoflegends.info
domain:47.ip-51-68-199.eu
domain:updates-http.cdn-apple.com
domain:kaspersky.ru
domain:checkmyip.now
domain:mscrl.microsoft.com
domain:18.172.in-addr.arpa
domain:kinorun.com
domain:alfa-usa.com
domain:checkip.org
domain:xn--90aivcdt6dxbc.xn--p1ai
domain:asia-pay.ru
domain:myip.by
domain:ip-api.com
domain:frontdoor.bigcatalog.commerce.microsoft.com
domain:tarkov.com
domain:tracker.ducks.party
domain:update.microsoft.com.akadns.net
domain:tracker.cyber-hub.net
domain:big-boss-tracker.net
domain:whatismyv6.com
domain:icloud-apple.cn
domain:t2.ru
domain:2gis.az
domain:wns.windows.com
domain:xbox360.eu
domain:kirov.ru
domain:share.hkg-fansub.info
domain:msocsp.com
domain:tambov.ru
domain:pinterest.fr
domain:explodie.org
domain:monip.org
domain:stats.microsoft.com
domain:sixte.st
domain:d2vjef5jvl6bfs.cloudfront.net
domain:wassermann.online
domain:alfa-bank.com
domain:carbon-bonsai-621.appspot.com
domain:vkgo.app
domain:yandexwebcache.net
domain:xn--90aijkdmaud0d.xn--p1ai
domain:kuper.ru
domain:vtb.ru
domain:icloud.se
domain:miya-news.online
domain:ip2c.org
domain:get-ipv4.com
domain:lolshop.co.kr
domain:kostroma.ru
domain:vk.company
domain:tracker.hama3.net
domain:d2mb634i1sflda.cloudfront.net
domain:proaudiotorrents.org
domain:ntservicepack.microsoft.com
domain:0123456789nonexistent.com
domain:ican-sinocare.ru
domain:httpbin.org
domain:gazprombank.tech
domain:tr2.ysagin.top
domain:ipaddress.my
domain:swdownload.apple.com
domain:tracker.dler.org
domain:ozonusercontent.com
domain:tracker.nyap2p.com
domain:mvs-bank.ru
domain:tracker.parrotsec.org
domain:pin.it
domain:whois.pconline.com.cn
domain:sd-161673.dedibox.fr
domain:pinterest.vn
domain:onedrive.live.com
domain:yoobusiness.ru
domain:buny.uk
domain:101.100.in-addr.arpa
domain:bitsparadise.info
domain:vgtrk.ru
domain:open.acgnxtracker.com
domain:bt.ali213.net
domain:learnwithleague.com
domain:3rt.tace.ru
domain:fraudlogix.com
domain:alfafuture.com
domain:yandexmetrica.com
domain:74.100.in-addr.arpa
domain:tracker4.itzmx.com
domain:tr.ready4.icu
domain:yastat.net
domain:71.100.in-addr.arpa
domain:tracker.torrentbytes.net
domain:vtb.corp.ru
domain:bgp.he.net
domain:siambt.com
domain:gu-st.ru
domain:254.169.in-addr.arpa
domain:myip.cx
domain:bt.hliang.com
domain:mnogolososya.ru
domain:smolensk.ru
domain:mail.ru
domain:pinterest.nz
domain:tracker.zerobytes.xyz
domain:tracker.files.fm
domain:hdreactor.org
domain:61626c.net
domain:riotgames.co.kr
domain:geoplugin.com
domain:o-ring.msedge.net
domain:leagueoflegends.kr
domain:dodopizza.ru
domain:rutorrent.frontline-mod.com
domain:1internet.tv
domain:ipsimple.org
domain:tracker.fnix.net
domain:grifon.info
domain:tracker.torrentbay.to
domain:tracker.cyberia.is
domain:yaroslavl.ru
domain:escapefromtarkov.com
domain:medtrum.ru
domain:pinterest.mx
domain:tracker.iamhansen.xyz
domain:lolfanart.net
domain:5rt.tace.ru
domain:tracker.tricitytorrents.com
domain:bobbialbano.com
domain:tribalmixes.com
domain:ipcalf.com
domain:rnd.ru
domain:65.100.in-addr.arpa
domain:vkuservideo.com
domain:ptz.ru
domain:myip.la
domain:mp.microsoft.com
domain:22.172.in-addr.arpa
domain:20.172.in-addr.arpa
domain:23.172.in-addr.arpa
domain:gstore.val.manlaxy.com
domain:whatismyip.io
domain:icloud.ie
domain:torrentsmd.com
domain:tracker.vulnix.sh
domain:mgfoms.ru
domain:d1m7jfoe9zdc1j.cloudfront.net
domain:xwt-classics.net
domain:d3aqoihi2n8ty8.cloudfront.net
domain:9.e.f.ip6.arpa
domain:rzd.ru
domain:kinescopecdn.net
domain:tracker-udp.gbitt.info
domain:vlg.ru
domain:ssb.msk.ru
domain:xbox360.co
domain:tr.nyacat.pw
domain:vtb24.com
domain:alfa-pc.com
domain:myip.ro
domain:steamstatic.com.8686c.com
domain:riotgames.tv
domain:gazeta.ru
domain:75.100.in-addr.arpa
domain:ip.pe.kr
domain:st.dl.bscstorage.net
domain:2gis.ua
domain:tracker.ghostchu-services.top
domain:97.100.in-addr.arpa
domain:steam.naeu.qtlglb.com
domain:ipverify.com
domain:vtbpartners.com
domain:dagestan.ru
domain:altai.ru
domain:biztorrents.com
domain:tracker.belmult.online
domain:bt.okmp3.ru
domain:127.100.in-addr.arpa
domain:yandex-bank.net
domain:cikrf.ru
domain:mp.microsoft.com.nsatc.net
domain:pinterest.engineering
domain:tomsk.ru
domain:retracker01-msk-virt.corbina.net
domain:tracker.filepit.to
domain:ws.microsoft.com
domain:mesu.apple.com
domain:country.is
domain:pvubank.com
domain:tracker.torrust-demo.com
domain:pinterest.es
domain:tp.m-team.cc
domain:vtb.digital
domain:vtbfamily.ru
domain:27.172.in-addr.arpa
domain:steam.cdn.orcon.net.nz
domain:1cloud.ru
domain:vk.ru
domain:zdrav10.ru
domain:yandex.lt
domain:tracker.acgnx.se
domain:tracker.torrentyorg.pl
domain:onedrive.co
domain:geoplugin.net
domain:leagueoflegends.com
domain:tracker.torrentleech.org
domain:karelia.ru
domain:d2xmjdvx03ij56.cloudfront.net
domain:tracker.gmi.gd
domain:realityscan.com
domain:icloud.hu
domain:max.ru
domain:cap.ru
domain:fcs-keys-pub-prod.cdn-apple.com
domain:steampowered.com.8686c.com
domain:fortnite.com
domain:yandex.aero
domain:ipinfo.io
domain:ru.ccb.com
domain:tracker.kuroy.me
domain:168.192.in-addr.arpa
domain:yandexwebcache.org
domain:naydex.net
domain:ubs.com
domain:nagios.tks.sumy.ua
domain:bkvet.ru
domain:torrentclub.tech
domain:tracker.bz
domain:dzeninfra.ru
domain:ip6only.me
domain:vrn.ru
domain:tracker.ipv6tracker.org
domain:simbirsk.ru
domain:iplocation.net
domain:test-ipv6.is
domain:1drv.ms
domain:ipv6ready.me
domain:ipligence.com
domain:penza.ru
domain:pinterest.uk
domain:yandex.jobs
domain:leagueoflegends.ca
domain:ankb.ru
domain:myip.dk
domain:swdist.apple.com
domain:identity.apple.com
domain:pinterest.info
domain:tracker.frozen-layer.net
domain:tutu.ru
domain:baltbank.ru
domain:faceit-cdn.net
domain:d13j2sbsb4ncgj.cloudfront.net
domain:open.demonii.si
domain:ifconfig.co
domain:alfa-finance.com
domain:2ip.ua
domain:122.100.in-addr.arpa
domain:skydrivesync.policies.live.net
domain:ip-api.ru
domain:invalid
domain:sbermegamarket.ru
domain:tsx.x5static.net
domain:myip.md
domain:ocsp.apple.com
domain:checkip.com.vn
domain:ipapi.com
domain:wns.notify.trafficmanager.net
domain:megamarket.ru
domain:ip.sb
domain:shadowshq.yi.org
domain:cbg.ru
domain:blokas.io
domain:2ip.io
domain:whoosh.bike
domain:share.camoe.cn
domain:tracker.skyts.net
domain:zer0day.to
domain:psblog.ru
domain:tracker.v6speed.org
domain:0d.kebhana.mx
domain:wepzone.net
domain:cbr.ru
domain:vtb-direct.com
domain:s.team
domain:whatsmyip.org
domain:9.rarbg.com
domain:leagueoflegends.net
domain:icloudo.com
domain:vps02.net.orel.ru
domain:csat.ru
domain:riot.com
domain:academic-p2p.appspot.com
domain:77.100.in-addr.arpa
domain:steamdeck.com
domain:68.100.in-addr.arpa
domain:tracker.fortu.io
domain:alfafinance.biz
domain:ocsp.digicert.cn
domain:static-storage.net
domain:ipfind.io
domain:icloud.com.cn
domain:infosniper.net
domain:vpn.flying-datacenter.de
domain:bt.zlofenix.org
domain:onedrive.org
domain:pinterest.pe
domain:orb.ru
domain:pinterest.be
domain:icloudapple.cn
domain:yandexadexchange.net
domain:steamcloudsweden.blob.core.windows.net
domain:kazan.ru
domain:autobahn.db.com
domain:xboxservices.com
domain:iz.ru
domain:sypexgeo.net
domain:localhost
domain:tracker.bittor.pw
domain:unrealengine.com
domain:test
domain:ddacn6pr5v0tl.cloudfront.net
domain:lolusercontent.com
domain:icloud-isupport.com
domain:retracker.netbynet.ru
domain:tracker.uraniumhexafluori.de
domain:myip.lt
domain:thegeeks.bz
domain:icloud.si
domain:tracker.plx.im
domain:tracker.zemoj.com
domain:udp.tracker.projectk.org
domain:ipip.net
domain:e-yakutia.ru
domain:yandex.kz
domain:tracker1.itzmx.com
domain:bashkiria.ru
domain:alefbank.com
domain:realip.cc
domain:d1mhjrowxxagfy.cloudfront.net
domain:tracker2.indowebster.com
domain:loushao.net
domain:roborecall.com
domain:dht.vuze.com
domain:tracker.blacksparrowmedia.net
domain:tehconnection.eu
domain:mymts.ru
domain:icloud.fi
domain:tracker.minglong.org
domain:tuva.ru
domain:myip.my
domain:ipme.in
domain:rkomi.ru
domain:2gis.by
domain:leagueoflegends.co.kr
domain:rambler.ru
domain:stv.ru
domain:bt.edwardk.info
domain:getipintel.net
domain:gpmdi.ru
domain:myip.com
domain:t2.leech.ie
domain:icloud.net.cn
domain:gorodpay.ru
domain:tracker.grepler.com
domain:psbank.ru
domain:mradx.net
domain:peiluyou.com
domain:icloudmusic.net
domain:tracker.t-1.org
domain:123.100.in-addr.arpa
domain:d2e2de1etea730.cloudfront.net
domain:bvarf.tracker.sh
domain:tracker.nitrix.me
domain:ip2location.com
domain:yandex.com.ua
domain:myip.is
domain:retracker.baikal-telecom.net
domain:livefilestore.com
domain:ipleak.net
domain:steam.eca.qtlglb.com
domain:test-ipv6.csclub.uwaterloo.ca
domain:tnx.nl
domain:adygeya.ru
domain:nalog.ru
domain:tracker.bt-hash.com
domain:zephir.monocul.us
domain:shahidrazi.online
domain:lenta.com
domain:wustat.windows.com
domain:irkutsk.ru
domain:voronezh.ru
domain:tracker6.lelux.fi
domain:cdn-tinkoff.ru
domain:omg.wtftrackr.xyz
domain:datascene.net
domain:crl3.digicert.com
domain:ipgeolocation.io
domain:test-ipv6.carnet.hr
domain:d186rixkn5ruba.cloudfront.net
domain:timeweb.com
domain:ulan-ude.ru
domain:benouworldtrip.fr
domain:ocsp.microsoft.com
domain:convrgencegame.com
domain:free-tracker.zooki.xyz
domain:plex.direct
domain:amur.ru
domain:85.100.in-addr.arpa
domain:pinterest.th
domain:ipqualityscore.com
domain:myip.ge
domain:forshtadt.ru
domain:example
domain:ipapi.is
domain:asger.xyz
domain:tracker.tvunderground.org.ru
domain:1.0.0.0.0.0.0.0.0.0.0.0.0.0.0.0.0.0.0.0.0.0.0.0.0.0.0.0.0.0.0.0.ip6.arpa
domain:alfafinance.ru
domain:valid.apple.com
domain:wkms-public.apple.com
domain:icloud.jp
domain:open.stealth.si
domain:ooc-school.ru
domain:9.rarbg.me
domain:test-ipv6.belwue.net
domain:113.0.203.in-addr.arpa
domain:onedrive.eu
domain:russianpost.ru
domain:lolpcs.com
domain:tracker.tiny-vps.com
domain:tver.ru
domain:ya.ru
domain:47news.ru
domain:xboxplayanywhere.com
domain:steamchina.com
domain:lpl.com.cn
domain:hiwifi.com
domain:playvalorant.com
domain:test-ipv6.iu13.net
domain:tracker.aletorrenty.pl
domain:greip.io
domain:pinterest.com
domain:wieistmeineip.de
domain:rzd-bonus.ru
domain:oryol.ru
domain:pinterest.hu
domain:vk.com
domain:saratov.ru
domain:69.100.in-addr.arpa
domain:mylcloud.net
domain:icloud.ch
domain:torrents-nn.cn
domain:yandex.net
domain:tracker.waaa.moe
domain:testipv6.cn
domain:edu.uifr.ru
domain:steam-chat.com
domain:90.100.in-addr.arpa
domain:yandex.eu
domain:ipxapi.com
domain:avito.st
domain:emias.info
domain:vk.me
domain:leaguehighschool.com
domain:arc-apac.msn.com
domain:t.overflow.biz
domain:bubu.mapfactor.com
domain:rshb.ru
domain:lolesports.com
domain:engplus.ru
domain:shnflac.net
domain:99.100.in-addr.arpa
domain:quixel.se
domain:pochta.ru
domain:steamgames.com
domain:oneocsp.microsoft.com
domain:lmru.tech
domain:vkusvill.ru
domain:khakassia.ru
domain:acg.rip
domain:windsurf.com
domain:findip.net
domain:addr.tools
domain:psk
domain:retracker.spark-rostov.ru
domain:astrakhan.ru
domain:crl.apple.com
domain:whoisxmlapi.com
domain:yandex-team.ru
domain:tracker.beeimg.com
domain:credit-zenit.ru
domain:ttk2.nbaonlineservice.com
domain:xz.pphimalayanrt.com
domain:mgtracker.org
domain:cutiegirl.ru
domain:a4e8s8k3.map2.ssl.hwcdn.net
domain:bir.ru
domain:alfafx.com
domain:ifconfig.io
domain:curlmyip.net
domain:wtfismyip.com
domain:pinterest.in
domain:dixy.ru
domain:x5club.ru
domain:krasnoyarsk.ru
domain:go.microsoft.com
domain:96.100.in-addr.arpa
domain:topdelivery.ru
domain:1c.ru
domain:beta-bank.com
domain:steamcommunity.com
domain:b.e.f.ip6.arpa
domain:configuration.apple.com
domain:cdn-2.gamecoast.org
domain:d36nr0u3xmc4mm.cloudfront.net
domain:icloudsecure.net
domain:lcsmerch.com
domain:mvgroup.org
domain:yandexcom.net
domain:criminalip.io
domain:ip2ruscity.com
domain:test-ipv6.cs.umd.edu
domain:qg.lorzl.gq
domain:vkuserlive.net
domain:d2nvs31859zcd8.cloudfront.net
domain:tracker.darkness.services
domain:bronevik.com
domain:tagbank.ru
domain:17.172.in-addr.arpa
domain:dht.aelitis.com
domain:kursk.ru
domain:78.100.in-addr.arpa
domain:mtsdengi.ru
domain:pinterest.dk
domain:xbox360.org
domain:abstractapi.com
domain:phicomm.me
domain:volgograd.ru
domain:nossl.sh
domain:pinterest.ec
domain:test-ipv6.roedu.net
domain:steampowered.com
domain:kuban.ru
domain:skl.apple.com
domain:wmsjsteam.com
domain:torrenttracker.nwc.acsalaska.net
domain:twitch-ext.rootonline.de
domain:vkusnoitochka.ru
domain:tracker.srv00.com
domain:freeipapi.com
domain:rkbank.ru
domain:xn----7sb7akeedqd.xn--p1ai
domain:yuwabits.net
domain:f3b7q2p3.ssl.hwcdn.net
domain:icloud.ee
domain:pinterest.co.nz
domain:kchgov.ru
domain:novaopcj.icu
domain:drumkitx.com
domain:ln.mtahost.co
domain:dykkng5hnh52u.cloudfront.net
domain:rutube.ru
domain:u.wwwww.wtf
domain:hematonix.ru
domain:yamal.ru
domain:vibe.community
domain:open.demonoid.ch
domain:riotforgegames.com
domain:prestige.minimafia.nl
domain:xboxone.co
domain:vkuser.net
domain:myapelsin.ru
domain:api.bitumconference.ru
domain:deviloid.net
domain:iplookup.it
domain:alfa-bank.ru
domain:home.yxgz.club
domain:tracker.moeking.me
domain:domclick.ru
domain:blackcats-games.net
domain:clstorage.net
domain:tracker.corpscorp.online
domain:xbox.org
domain:pinterest.cl
domain:worldboxingvideoarchive.com
domain:prvbank.ru
domain:vk-portal.net
domain:pinterest.co
domain:leroymerlin.ru
domain:myip.at
domain:selkombank.ru
domain:myip.link
domain:khv.ru
domain:l2.io
domain:peerfect.org
domain:credistory.ru
domain:xn--b1aew.xn--p1ai
domain:gdmf.apple.com
domain:rostelecom.ru
domain:seeders-paradise.org
domain:swscan.apple.com
domain:renovacionxboxlive.com
domain:tracker.dmcomic.org
domain:nspk.ru
domain:xboxone.com
domain:t3.leech.ie
domain:vtbrussia.ru
domain:test-ipv6.ke.liquidtelecom.net
domain:tracker.parrotlinux.org
domain:megafon.ru
domain:arkhangelsk.ru
domain:gdmf-ados.apple.com
domain:pinterest.co.in
domain:test-ipv6.sin.vr.org
domain:vk-apps.com
domain:bitrix24.ru
domain:117.100.in-addr.arpa
domain:jivosite.com
domain:tracker.dyne.org
domain:aaa.army
domain:definitionupdates.microsoft.com
domain:yandex.pl
domain:faceit.com
domain:kurgan.ru
domain:potuk.com
domain:icloud.com
domain:usedesk.ru
domain:aboutbeautifulgallopinghorsesinthegreenpasture.online
domain:investalfabank.com
domain:pow7.com
domain:auth-nsdi.ru
domain:historyofdota.com
domain:opentracker.i2p.rocks
domain:easy.ac
domain:db-ip.com
domain:tracker.36dm.com
domain:xbox360.com
domain:16.172.in-addr.arpa
domain:perekrestok.ru
domain:taxsee.com
domain:learnbits.me
domain:vklive.app
domain:find-my-ip.com
domain:zone-torrent.net
domain:tendawifi.com
domain:omsk.ru
domain:tyumen.ru
domain:mordovia.ru
domain:showmyip.com
domain:windowsupdate.microsoft.com
domain:bt2.54new.com
domain:lolespor.com
domain:yandexcloud.net
domain:iplocate.io
domain:internal
domain:cscampus.ru
domain:icloud.ro
domain:retracker.hotplug.ru
domain:19.172.in-addr.arpa
domain:bitrix.info
domain:ip8.com
domain:finbytes.org
domain:goskey.ru
domain:crl.microsoft.com
domain:lead-pro2023.online
domain:w.wwwww.wtf
domain:sketchfab.com
domain:tracker.coppersurfer.tk
domain:alfaleasing.ru
domain:86.100.in-addr.arpa
domain:playparagon.com
domain:ro-edu.ru
domain:valvesoftware.com
domain:spo-ring.msedge.net
domain:ipw.cn
domain:tracker6.dler.org
domain:tracker.theempire.bz
domain:qms.ru
domain:kommersant.ru
domain:res-nsdi.ru
domain:uatracker.net
domain:hackertarget.com
domain:certs-lb.apple.com.akadns.net
domain:cubicmotion.com
domain:tracker.ds.is
domain:prim-edu.ru
domain:myip.rs
domain:vtb.com
domain:myip.sk
domain:sbermarket.ru
domain:ipwho.is
domain:aruacfilmes.com.br
domain:retracker.lanta-net.ru
domain:admin.videoenpoche.info
domain:vl.ru
domain:tracker.msm8916.com
domain:bt-club.ws
domain:opentracker.io
domain:smbcr-bank.ru
domain:myexternalip.com
domain:steam.ru.qtlglb.com
domain:discord.heihachi.pw
domain:youla-web-static.mrgcdn.ru
domain:d6tizftlrpuof.cloudfront.net
domain:epicgames.com
domain:open.trackerlist.xyz
domain:steamserver.net
domain:test-ipv6.jp
domain:mosenergosbyt.ru
domain:chelyabinsk.ru
domain:tracker.0o.is
domain:all4nothin.net
domain:dht.transmissionbt.com
domain:ipchicken.com
domain:ip4.me
domain:onedrive.co.uk
domain:tu-tu.ru
domain:myip.id
domain:a.leopard-raws.org
domain:vtbstrana.ru
domain:crimea.ru
domain:live-video.net
domain:retracker.lanta.me
domain:retracker.nts.su
domain:leagueoflegends.org
domain:xboxgamepass.com
domain:masters-tb.com
domain:torrent.resonatingmedia.com
domain:westernunion.ru
domain:open.dstud.io
domain:geolocation-db.com
domain:ozone.ru
domain:gazprombank.ru
domain:tracker.kali.org
domain:tracker.nyaa.uk
domain:tracker.xiaoduola.xyz
domain:pskov.ru
domain:whatismyipaddress.com
domain:icloud.is
domain:aclub.ru
domain:store.core.windows.net
domain:netschool.website
domain:tracker.harry.lu
domain:tracker.trackton.ga
domain:ipcheck.ing
domain:tplinkwifi.net
domain:qwapi.com
domain:ivanovo.ru
domain:73.100.in-addr.arpa
domain:rostaxi.org
domain:av.ru
domain:eft-store.com
domain:thetracker.org
domain:21.172.in-addr.arpa
domain:gg.apple.com
domain:my-ip.io
domain:vk-analytics.ru
domain:medtrum.eu
domain:tracker.torrenty.org
domain:tracker.tambovnet.org
domain:steam.cdn.slingshot.co.nz
domain:lumiflex.ru
domain:ok.ru
domain:tracker.cutie.dating
domain:72.100.in-addr.arpa
domain:novosibirsk.ru
domain:whoer.net
domain:tracker.internetwarriors.net
domain:icloud.fr
domain:2gis.kg
domain:bt2.edwardk.info
domain:tellmewhygame.com
domain:70.100.in-addr.arpa
domain:belgorod.ru
domain:vtbrussia.com
domain:tracker.baltracker.net
domain:trbcdn.net
domain:trustmyip.com
domain:redheadsound.studio
domain:2gis.kz
domain:seeip.org
domain:fivepost.ru
domain:chizhik.club
domain:shadowcomplex.com
domain:avtodor-tr.ru
domain:tracker.trackerfix.com
domain:xn--b1afabzvcegckfhg.xn--p1ai
domain:icloudos.net
domain:adl.windows.com
domain:ipfinder.io
domain:tracker.1h.is
domain:xboxab.com
domain:2gis.tj
domain:supremacy.com
domain:82.100.in-addr.arpa
domain:www-cdn.icloud.com.akadns.net
domain:icloudbox.net
domain:jamal.ru
domain:vtbglobalperspectives.com
domain:tracker.hifimarket.in
domain:ipstack.com
domain:pinterest.com.py
domain:lolclub.org
domain:bandito.byterunner.io
domain:tracker3.itzmx.com
domain:tracker.startwork.cv
domain:test-ipv6.arauc.br
domain:8.b.d.0.1.0.0.2.ip6.arpa
domain:i.pn
domain:valakas.rollo.dnsabr.com
domain:tracker.btnext.com
domain:ip.me
domain:mari.ru
domain:epicgamescdn.com
domain:tracker.zupix.online
domain:vtb.bank.in
domain:tracker.birkenwald.de
domain:tr.zukizuki.org
domain:pinterest.co.kr
domain:bt.3dmgame.com
domain:torrent-team.net
domain:izhevsk.ru
domain:wildberries.ru
domain:midea123.z-media.com.cn
domain:yandex
domain:bgp.tools
domain:gsra.apple.com
domain:test-ipv6.go6.si
domain:vkuseraudio.net
domain:crl-lb.apple.com.akadns.net
domain:mosoblgaz.ru
domain:finuslugi.ru
domain:vkuserphoto.ru
domain:tracker.dutchtracking.nl
domain:vtb-grants.fut.ru
domain:checkip.ru
domain:update.microsoft.com
domain:lv.queniujq.cn
domain:vtbcareer.com
domain:code2chicken.nl
domain:vk-cdn.net
domain:citydrive.ru
domain:test.version6.ru
domain:pinterest.ca
domain:bitseduce.com
domain:edu22.info
domain:alfafuture.ru
domain:data-bg.net
domain:111.100.in-addr.arpa
domain:xn--90aifd0aza.site
domain:ibamoscow.ru
domain:spvb.ru
domain:riotgames.net
domain:udm.ru
domain:adfox.ru
domain:riotgames.info
domain:2gis.am
domain:leike.cc
domain:open.touki.ru
domain:ident.me
domain:yastatic.net
domain:ipaddr.site
domain:steamusercontent.com
domain:119.100.in-addr.arpa
domain:home.arpa
domain:2gis.ru
domain:leaguesharp.info
domain:magnit.ru
domain:bluebird-hd.org
domain:youla.io
domain:1337.abcvg.info
domain:tk.mabo.ltd
domain:testipv6.de
domain:ip-adress.com
domain:tbank-online.com
domain:marine.ru
domain:yandex.md
domain:myip.kz
domain:pinterest.com.vn
domain:rbc.ru
domain:spyjinx.com
domain:noosferabank.ru
domain:murmansk.ru
domain:d1xhnb4ptk05mw.cloudfront.net
domain:amupdatedl.microsoft.com
domain:userapi.com
domain:tracker.vanitycore.co
domain:pinterest.jp
domain:volganet.net
domain:mirpayonline.ru
domain:116.100.in-addr.arpa
domain:mts.ru
domain:ipregistry.co
domain:pinterest.com.au
domain:d6d4ismr40iw.cloudfront.net
domain:molesports.com
domain:vkuseraudio.ru
domain:myip.expert
domain:download.visualstudio.microsoft.com
domain:theoccult.bz
domain:pinterest.net
domain:supremacy.net
domain:kalmykia.ru
domain:kp.ru
domain:t1.leech.ie
domain:ip-score.com
domain:xn--d1acpjx3f.xn--p1ai
domain:avito.ru
domain:open.demonii.com
domain:pinterest.com.ec
domain:98.100.in-addr.arpa
domain:fe.dealclub.de
domain:76.100.in-addr.arpa
domain:x5paket.ru
domain:radgametools.com
domain:pinterest.ru
domain:icloudo.de
domain:pinterest.ph
domain:dota2.wmsj.cn
domain:pinterest.nl
domain:chihaya.de
domain:chukotka.ru
domain:yandex.uz
domain:pinterest.co.uk
domain:torrent.tdjs.tech
domain:yastatic-net.ru
domain:tracker.moxing.party
domain:chihaya.toss.li
domain:historyofdota.org
domain:nyaa.tracker.wf
domain:leagueoflegendsscripts.com
domain:tracker.uw0.xyz
domain:icloud.lv
domain:samara.ru
domain:gazprompay.ru
domain:2.0.192.in-addr.arpa
domain:funfile.org
domain:myip.hk
domain:st.dl.pinyuncloud.com
domain:movies.zsw.ca
domain:zenit-card.ru
domain:tochka.com
domain:udmurtia.ru
domain:edu-74.ru
domain:avtoto.ru
domain:tracker.vectahosting.eu
domain:51degrees.com
domain:myip.nl
domain:myip.mk
domain:ip-api.io
domain:tracker.opentracker.se
domain:kinescope.io
domain:zentotem.net
domain:gs.apple.com
domain:webvisor.org
domain:kamchatka.ru
domain:windows.com.akadns.net
domain:paragon.com
domain:xp.apple.com
domain:abr.ru
domain:sber.ws
domain:vlb100.ru
domain:ip.nic.ru
domain:tracker.leechshield.link
domain:tracker.pomf.se
domain:25.172.in-addr.arpa
domain:lenta.ru
domain:121.100.in-addr.arpa
domain:92.100.in-addr.arpa
domain:e5.ru
domain:yandex.co.il
domain:fab.com
domain:myip.ch
domain:114.100.in-addr.arpa
domain:93.100.in-addr.arpa
domain:banka-ui.dev
domain:tracker.ygsub.com
domain:storage.live.com
domain:ipaddress.to
domain:gpb.ru
domain:bt-tracker.gamexp.ru
domain:yandex.st
domain:yads.tech
domain:94.100.in-addr.arpa
domain:myipaddress.com
domain:oneme.ru
domain:tracemyip.org
domain:ryazan.ru
domain:vyatka.ru
domain:router.utorrent.com
domain:vkcloud-static.ru
domain:test-ipv6.se
domain:jsb.by
domain:tracker.qu.ax
domain:80.100.in-addr.arpa
domain:torrentclub.online
domain:pvp.tv
domain:riotgames.com
domain:d36mepituis1gg.cloudfront.net
domain:icloud.vn
domain:tracker.openbittorrent.com
domain:tracker.ali213.net
domain:pinterest.com.bo
domain:spb.ru
domain:rt.tace.ru
domain:dgeft87wbj63p.cloudfront.net
domain:certs.apple.com
domain:yandex.az
domain:api.cdp.microsoft.com
domain:pinterest.pt
domain:open.kickasstracker.com
domain:netmonet.co
domain:yandex.sx
domain:myip.sh
domain:servandroidkino.ru
domain:ocsp2-lb.apple.com.akadns.net
domain:mos.ru
domain:router.ctc
domain:tracker.bittorrent.am
domain:h4.trakx.nibba.trade
domain:103.100.in-addr.arpa
domain:torrent.tracker.durukanbal.com
domain:tracker.torrentsnows.com
domain:tracker.kamigami.org
domain:me.com
domain:tomedu.ru
domain:dzen.ru
domain:tracker.tntvillage.scambioetico.org
domain:chel.ru
domain:myip.ru
domain:jivo.ru
domain:myip.mn
domain:ttvnw.net
domain:alfabank.ru
domain:inferno.demonoid.is
domain:tracker.imgoingto.icu
domain:myip.qa
domain:torrent.hificode.in
domain:apple-icloud.cn
domain:mail.realliferpg.de
domain:ip2location.io
domain:icloud-content.com
domain:sistema-capital.com
domain:test-ipv6.ams.vr.org
domain:memealerts.com
domain:ultra.zt.ua
domain:ipme.co
domain:opentracker.acgnx.com
domain:d2dylwb3shzel1.cloudfront.net
domain:dbankcloud.ru
domain:xboxone.eu
domain:mil.ru
domain:jsonip.com
domain:victoria-group.ru
domain:tracker.gbitt.info
domain:pinterest.it
domain:xn--80aacoonefzg3am8b1fsb.xn--p1ai
domain:1cfresh.com
domain:xbox.eu
domain:yandex.fi
domain:whatismyipaddress.net
domain:client-update.queniuqe.com
domain:getjsonip.com
domain:nn.ru
domain:nsk.ru
domain:yandex.lv
domain:wareztorrent.com
domain:retracker.local.msn-net.ru
domain:megatorrents.kg
domain:myiplookup.com
domain:geodatatool.com
domain:ig.apple.com
domain:buryatia.ru
domain:icloudos.de
domain:open.acgtracker.com
domain:ekburg.ru
domain:anytimeru.com
domain:yandex.fr
domain:ipbot.com
domain:tracker.pussytorrents.org
domain:xbox
domain:psk.ru
domain:p4p.arenabg.com
domain:gosuslugi.ru
domain:myip.lv
domain:2gis.ge
domain:tips.tips
domain:test-ipv6.nl
domain:oscdn.apple.com
domain:okcdn.ru
domain:2gis.com
domain:riotcdn.net
domain:irk.ru
domain:ip.hetzner.com
domain:chuvashia.ru
domain:ocsp.digicert.com
domain:102.100.in-addr.arpa
domain:sevastopol.ru
domain:bank-credit-suisse-moscow.ru
domain:d3c27h4odz752x.cloudfront.net
domain:fraudguard.io
domain:mosreg.ru
domain:torrent.mp3quran.net
domain:git.vulnix.sh
domain:concen.org
domain:tracker.army
domain:download.microsoft.com
domain:ts.net
domain:tracker.nextrp.ru
domain:3lateral.com
domain:bt.poletracker.org
domain:tracker.anonwebz.xyz
domain:public-tracker.zooki.xyz
domain:myip.eu
domain:d2aba1wr3818hz.cloudfront.net
domain:myip.ms
domain:open.lolicon.eu
domain:tracker.zhuqiy.com
domain:ext-twitch.tv
domain:ipaddress.sh
domain:yandex.cloud
domain:krasnodar.su
domain:bank-arzamas.ru
domain:rekcart.duckdns.org
domain:admetrica.ru
domain:myip.ae
domain:open.nyap2p.com
domain:animego.me
domain:120.100.in-addr.arpa
domain:sber.world
domain:8.e.f.ip6.arpa
domain:krasyar.ru
domain:jivochat.com
domain:tracker.nanoha.org
domain:torrent.eu.org
domain:myip.sg
domain:bt.firebit.org
domain:twitch.map.fastly.net
domain:alformacap.com
domain:tracker.opentrackr.org
domain:rncoluminis.ru
domain:korona.com
domain:windowsupdate.com
domain:sakhalin.ru
domain:shubt.net
domain:yandex.org
domain:vladikavkaz.ru
domain:bittorrent-tracker.e-n-c-r-y-p-t.net
domain:d40969.acod.regrucolo.ru
domain:theplace.bz
domain:st.dl.eccdnx.com
domain:commerzbank.ru
domain:icloud-sandbox.com
domain:whatsmyip.com
domain:tracker.eu.org
domain:epicgames.dev
domain:113.100.in-addr.arpa
domain:125.100.in-addr.arpa
domain:metal.iplay.ro
domain:icloud.org
domain:khabarovsk.ru
domain:dns-shop.ru
domain:steam.tv
domain:localdomain
domain:tr.cili001.com
domain:tracker.0x.tf
domain:router.bittorrent.com
domain:icloude.com
domain:tracker0.ufibox.com
domain:d1ymi26ma8va5x.cloudfront.net
domain:yandex.tr
domain:tracker.altrosky.nl
domain:onedrive.net
domain:vk.design
domain:d3m1uefep57n8q.cloudfront.net
domain:unrealtournament.com
domain:adminion.n-blade.ru
domain:myip.ma
domain:swcdn.apple.com
domain:lan
domain:freegeoip.app
domain:115.100.in-addr.arpa
domain:steam-api.com
domain:bt.bontal.net
domain:eac-cdn.com
domain:124.100.in-addr.arpa
domain:tracker-v6.zooki.xyz
domain:opentracker.xyz
domain:test-ipv6.freerangecloud.com
domain:mon-ip.com
domain:opentracker.acgnx.se
domain:browserleaks.com
domain:9.rarbg.to
domain:inferno.demonoid.pw
domain:icloudhome.com
domain:geojs.io
domain:kremlin.ru
domain:riotpoints.com
domain:30.172.in-addr.arpa
domain:tsundere.pw
domain:edge.steam-dns.top.comcast.net
domain:wgetip.com
domain:beeline.ru
domain:255.255.255.255.in-addr.arpa
domain:gov.ru
domain:milliontorrent.pl
domain:open.nyaatorrents.info
domain:pinterest.com.pe
domain:81.100.in-addr.arpa
domain:showmyipaddress.com
domain:64.100.in-addr.arpa
domain:instituteofwar.org
domain:i-ola.ru
domain:tracker.piratepublic.com
domain:spur.us
domain:publictracker.ch
domain:26.172.in-addr.arpa
domain:camera.lei001.com
domain:vtb-liga.fut.ru
domain:battlebreakers.com
domain:xn--90ab2c.xn--p1ai
domain:dxtkri2c61io4.cloudfront.net
domain:icanhazip.com
domain:steam.cdn.webra.ru
domain:test-ipv6.cl
domain:underlords.com
domain:zte.home
domain:pinterest.com.mx
domain:100.51.198.in-addr.arpa
domain:ns-1.x-fins.com
domain:webvisor.com
domain:kanal-4.de
domain:baibako.tv
domain:whatismyip.com
domain:blackz.ro
domain:icloudads.net
domain:bit-hdtv.com
domain:xxxtor.com
domain:tracker.publicbt.com
domain:jpmorgan.ru
domain:mylocation.org
domain:tracker.mininova.org
domain:where-am-i.co
domain:ip-check.info
domain:ipbase.com
domain:vtbkep.site
domain:cdn-1.gamecoast.org
domain:ip6.me
domain:yandex.com.ge
domain:hh.ru
domain:bankline.ru
domain:ipquery.io
domain:vladivostok.ru
domain:nov.ru
domain:vologda.ru
domain:megamarket.tech
domain:crl4.digicert.com
domain:ipify.org
domain:mangalib.me
domain:quixel.com
domain:lolstatic.com
domain:4meeting.me
domain:dellin.ru
domain:xn--80ajghhoc2aj1c8b.xn--p1ai
domain:vtbindia.com
domain:pinterest.de
domain:steam.apac.qtlglb.com
domain:t.nyaatracker.com
domain:tracker.ipv6tracker.ru
domain:2gis.uz
domain:chita.ru
domain:riot-games.com
domain:iproyal.com
domain:nodedata.io
domain:29.172.in-addr.arpa
domain:118.100.in-addr.arpa
domain:icloud.om
domain:edadeal.io
domain:ip.tyk.nu
domain:updates.cdn-apple.com
domain:twitch.tv
domain:sbpgpb.ru
domain:yandex.tj
domain:vkcache.com
domain:leagueoflegends.cn
domain:2gis.com.cy
domain:d1w2poirtb3as9.cloudfront.net
domain:bt.beatrice-raws.org
domain:jx5.ru
domain:vtb.promo
domain:d1g1f25tn8m2e6.cloudfront.net
domain:dzvr.ru
domain:tracker.mywaifu.best
domain:tracker.sbsub.com
domain:smartscreen-prod.microsoft.com
domain:vk-cdn.me
domain:stavropol.ru
domain:iplark.com
domain:ozon.ru
domain:105.100.in-addr.arpa
domain:lemanapro.ru
domain:apiip.net
domain:31.172.in-addr.arpa
domain:tracker2.christianbro.pw
domain:24.172.in-addr.arpa
domain:d2um2qdswy1tb0.cloudfront.net
domain:alfaprivate.com
domain:nbki.ru
domain:127.in-addr.arpa
domain:yandex.com
domain:bfa.ru
domain:denis.stalker.upeer.me
domain:tracker.pmman.tech
domain:tracker.sloppyta.co
domain:ipdata.co
domain:thetradersden.org
domain:bt1.xxxxbt.cc
domain:rtbcdn.ru
domain:surgut.ru
domain:drweb.ru
domain:whatismyip.org
domain:maxmind.com
domain:tracker.23794.top
domain:ocsp-lb.apple.com.akadns.net
domain:torrent.nwps.ws
domain:ocsp2.apple.com
domain:steamcontent.com
domain:yandex.de
domain:ulol.com
domain:vkuservideo.ru
domain:hyprsense.com
domain:tracker.ex.ua
domain:vk.cc
domain:banki.ru
domain:adm.category5.tv
domain:pinterest.ie
domain:ipecho.net
domain:tr.kxmp.cf
domain:test-ipv6.run
domain:okko.sport
domain:mediaclub.tv
domain:retracker.krs-ix.ru
domain:tr4ck3r.duckdns.org
domain:ifconfig.es
domain:csgo.wmsj.cn
domain:icloudpay.net
domain:tracker.filemail.com
domain:tnt-online.ru
domain:bt.3kb.xyz
domain:d1oca24q5dwo6d.cloudfront.net
domain:yandex.ru
domain:find-my-ip.net
domain:tracker1.bt.moack.co.kr
domain:110.100.in-addr.arpa
domain:pinterest.ch
domain:a.e.f.ip6.arpa
domain:ipv4announce.sktorrent.eu
domain:ipaddress.com
domain:tracker.yemekyedim.com
domain:tracker.etree.org
domain:tracker.open-internet.nl
domain:leaguoflegends.com
domain:tracker810.xyz
domain:icloudsetup.com
domain:dbo-dengi.online
domain:10.in-addr.arpa
domain:zer0day.ch
domain:aeroflot.ru
domain:whatismyisp.com
domain:riotpin.com
domain:vkuservideo.net
domain:ebs.ru
domain:d3vd9lfkzbru3h.cloudfront.net
domain:timeweb.cloud
domain:yandex.com.ru
domain:myicloud.net
domain:lipetsk.ru
domain:onelya.ru
domain:derpyradio.net
domain:66.100.in-addr.arpa
domain:apivoid.com
domain:kchr.ru
domain:alfabank.com
domain:bt.rer.lol
domain:gamepass.com
domain:captive.apple.com
domain:vkusercdn.ru
domain:tracker.anirena.com
domain:5ka.ru
domain:tracker.tritan.gg
domain:okko.tv
domain:ns389251.ovh.net
domain:extreme-ip-lookup.com
domain:89.100.in-addr.arpa
domain:x5.tech
domain:nalchik.ru
domain:bigdatacloud.net
domain:alfa-fx.com
domain:xbox.co
domain:koenig.ru
domain:test-ipv6.com
domain:okolo.app
domain:ifconfig.me
domain:wb.ru
domain:ipinfo.app
domain:dqrpb9wgowsf5.cloudfront.net
domain:tracker.tamersunion.org
domain:ipify.cn
domain:izbirkom.ru
domain:tele2.ru
domain:dl.steam.clngaa.com
domain:vkontakte.ru
domain:moex.com
domain:1c-bitrix.ru
domain:publictracker.xyz
domain:pesc.ru
domain:jar.ru
domain:xn--d1acchc3adyj9k.xn--p1ai
domain:100.100.in-addr.arpa
domain:dpiui.reedlan.com
domain:bclearning.top
domain:donationalerts.com
domain:alformacapital.com
domain:vk.link
domain:iplocation.io
domain:ios-icloud.com
domain:lol-europe.com
domain:martin-gebhardt.eu
domain:slavbank.ru
domain:28.172.in-addr.arpa
domain:tracker.swateam.org.uk
domain:tracker.flashtorrents.org
domain:yandex.ee
domain:svoy.academy
domain:thatsmyip.com
domain:cdn-vk.ru
domain:ruinedking.com
domain:83.100.in-addr.arpa
domain:ziraatbank.ru
domain:mari-el.ru
domain:tracker.lintk.me
domain:tom.ru
domain:youla.ru
domain:sxgeo.city
domain:localhost.sec.qq.com
domain:pinterest.at
domain:tracker.noobsubs.net
domain:proxycheck.io
domain:pinterest.co.at
domain:84.100.in-addr.arpa
domain:ttk.ru
domain:pvp.net
domain:eddie4.nl
domain:kaluga.ru
domain:67.100.in-addr.arpa
domain:trakx.herokuapp.com
domain:twitchcdn.net
domain:twitchsvc.net
domain:championshipseriesleague.com
domain:vkmessenger.app
domain:z.mercax.com
domain:riotgames.jp
domain:whoerip.com
domain:tilda.cc
domain:yandex.com.tr
domain:xn--80acgfbsl1azdqr.xn--p1ai
domain:x5id.ru
domain:icloudnet.net
domain:myip.ng
domain:t.213891.xyz
domain:flagfox.net
domain:steam.cdn.on.net
domain:chanchan.uchuu.co.uk
domain:historyofdota.net
domain:appldnld.apple.com
domain:icloud.pt
domain:tsk.ru
domain:icloud.de
domain:tracker.yoshi210.com
domain:yuzhno-sakhalinsk.ru
domain:dnsleaktest.com
domain:yota.ru
domain:tracker2.dler.org
domain:perm.ru
domain:tracker.therarbg.to
domain:tracker.tryhackx.org
domain:my.router
domain:iadsdk.apple.com
domain:myip.mx
domain:tracker.moeblog.cn
domain:vkuseraudio.com
domain:mixfiend.com
domain:kinopoisk.ru
domain:ns349743.ip-91-121-106.eu
domain:tracker.shkinev.me
domain:tracker.electro-torrent.pl
domain:test-ipv6.fratec.net
domain:local
domain:yakutia.ru
domain:pinterest.com.uy
domain:rt.ru
domain:tracker.bt4g.com
domain:xbx.lv
domain:whatismyip.net
domain:tula.ru
domain:jtvnw.net
domain:push.apple.com
domain:line-net.ru
domain:fix-price.com
domain:applemx-icloud.com
domain:sukebei.tracker.wf
domain:edu.ru
domain:tracker01.loveapp.com
domain:vtb.fut.ru
domain:checkip.amazonaws.com
domain:tracker.dhitechnical.com
domain:rsscenter.cloud
domain:rstatic.net
domain:turbopages.org
domain:auto.ru
domain:idx5.ru
domain:bithq.org
domain:api-adservices.apple.com
domain:vkmessenger.com
domain:mm.ru
domain:87.100.in-addr.arpa
domain:icloud.sk
domain:grfc.ru
domain:torrentzilla.org
domain:104.100.in-addr.arpa
domain:icloudmail.net
domain:icloudbrowser.net
domain:bt.pusacg.org
domain:yanao.ru
domain:genesis-sp.org
domain:showip.net
domain:91.100.in-addr.arpa
domain:yandex.ua
domain:playartifact.com
domain:imgsmail.ru
domain:yandex.com.am
domain:dadata.ru
domain:osrecovery.apple.com
domain:ipapi.co
domain:108.100.in-addr.arpa
domain:tr.bangumi.moe
domain:bms-hosxp.com
domain:pinimg.com
domain:mail2.zelenaya.net
domain:checkip.sh
domain:opentor.org
domain:ds0h3roq6wcgc.cloudfront.net
full:ipv4-check-perf.radar.cloudflare.com
full:setmeup.arubanetworks.com
full:ip.comss.net
full:instant.arubanetworks.com
full:checkip.dyn.com
full:asusrouter.com
full:www.miwifi.com
full:tplogin.cn
full:www.asusrouter.com
full:myip.dnsomatic.com
full:ip-check-perf.radar.cloudflare.com
full:checkip.global.api.aws
full:oasisauth.h3c.com
full:routerlogin.com
full:ipv6-check-perf.radar.cloudflare.com
full:lolstatic-a.akamaihd.net
full:checkip.dyndns.org
full:www.routerlogin.com
full:router.asus.com
full:whatismyip.akamai.com
full:miwifi.com
