regex:^speed\.(coe|open)\.ad\.[a-z]{2,6}\.prod\.hosts\.ooklaserver\.net$
domain:ladsp.com
domain:ecma.bdimg.com
domain:googleadservices.com
domain:imglnkd.com
domain:adscdn.baidu.com
domain:tsyndicate.com
domain:admob-cn.com
domain:v6-adashx.ut.amap.com
domain:monitor.music.qq.com
domain:ja1.gamersky.com
domain:splash-ads.cdn.unity.cn
domain:data.mistat.intl.xiaomi.com
domain:ad.api.moji.com
domain:uberads.com
domain:ad.api.mobile.youku.com
domain:report.qqweb.qq.com
domain:sngmta.qq.com
domain:trace.qq.com
domain:app-ads-services.com
domain:g3.letv.com
domain:hubcloud.com.cn
domain:telecome.cn
domain:e.kuaishou.com
domain:pglstatp-toutiao.com
domain:target.vk.ru
domain:myadx.net
domain:log.hunantv.com
domain:iadmusicmat.music.126.net
domain:adv.yandex.com
domain:mobads-logs.baidu.com
domain:adwords.com
domain:mvad.com
domain:mpush.qq.com
domain:adv-sv-stat.focus.cn
domain:reke.at.sohu.com
domain:inte.sogoucdn.com
domain:app-analytics-services-att.com
domain:browser.events.data.msn.com
domain:da.hunantv.com
domain:panplayable-toutiao.com
domain:oc.umeng.com
domain:adash-emas.cn-hangzhou.aliyuncs.com
domain:advertisercommunity.com
domain:adtrack.quark.cn
domain:ulogs.umengcloud.com
domain:perf.cloud.unity3d.com
domain:unioncom.cc
domain:fourier.taobao.com
domain:shoppingads.cn
domain:ad1.xiaomi.com
domain:fpb.sohu.com
domain:advertising.apple.com
domain:adashxgc.ut.taobao.com
domain:c.sayhi.360.cn
domain:tracker.my.com
domain:ads.youtube.com
domain:data.mistat.xiaomi.com
domain:ads.music.126.net
domain:wuliao.epro.sogou.com
domain:adsgram.ai
domain:pangolin-sdk-toutiao.com
domain:mopub.com
domain:ads.sina.com
domain:ad.mi.com
domain:iabchina.cn
domain:m-adash.m.taobao.com
domain:sa.sina.cn
domain:mlog.hiido.com
domain:pglstatp-toutiao-b.com
domain:ads.sohu.com
domain:logs.amap.com
domain:optaim.com
domain:bds.snssdk.com
domain:gdt.qq.com
domain:cpro.baidustatic.com
domain:graph-fallback.instagram.com
domain:ykad-data.youku.com
domain:misc.in.duokanbox.com
domain:g1.tagtic.cn
domain:advapikj.joyplus.tv
domain:log.umtrack.com
domain:googletraveladservices-cn.com
domain:ad.games.dmm.com
domain:ad.qq.com
domain:adashx4ae.ut.taobao.com
domain:kaprila.com
domain:wm.baidu.com
domain:vk-analytics.ru
domain:badjs.weixinbridge.com
domain:2mdn-cn.net
domain:adxprtz.com
domain:tcss.qq.com
domain:ads.api.my7v.com
domain:gzads.com
domain:tjqonline.cn
domain:ems.youku.com
domain:pagead.l.google.com
domain:googlevads-cn.com
domain:pangolin-dsp-toutiao.com
domain:resolve.umeng.com
domain:adstats.tencentmusic.com
domain:an.yandex.ru
domain:ads.yandex
domain:data.flurry.com
domain:shuzilm.cn
domain:adc.hpplay.cn
domain:tajs.qq.com
domain:ipinyou.com
domain:china-caa.org
domain:crashlytics.163.com
domain:yabs.yandex.ru
domain:assp.sohu.com
domain:adsense.com
domain:adnet.qq.com
domain:bs.yandex.ru
domain:ysm.yahoo.com
domain:pos.baidu.com
domain:s.so.360.cn
domain:facebookads.com
domain:mobilemsg.youku.com
domain:adeng.hpplay.cn
domain:static.sensorsdata.cn
domain:adsview2.qq.com
domain:optimus-ads.amap.com
domain:track.sohu.com
domain:res.hunantv.com
domain:reachmax.cn
domain:adpm.app.qq.com
domain:msg.video.qiyi.com
domain:unityads.unity.cn
domain:adstestview.qq.com
domain:uranus.sogou.com
domain:google-analytics.com
domain:ads.viqeo.tv
domain:lu.sogoucdn.com
domain:tracking.mcdonalds.com.cn
domain:s.360.cn
domain:tcbox.baidu.com
domain:ads.wteam.xyz
domain:adping.qq.com
domain:analytics.163.com
domain:admetrica.ru
domain:unityads.unitychina.cn
domain:trackserver.shuxinyc.com
domain:tracker.ai.xiaomi.com
domain:doubleclick.net
domain:cfts1tifqr.com
domain:h2tcbox.baidu.com
domain:adashx.ut.ele.me
domain:policy.video.iqiyi.com
domain:log-upload-os.hoyoverse.com
domain:c-adash.m.taobao.com
domain:e.kuaishou.cn
domain:kuyun.com
domain:g.click.taobao.com
domain:adslvseed.qq.com
domain:impact-ad.jp
domain:sbermarketing.ru
domain:h-adashx4yt.ut.taobao.com
domain:ad.cctv.com
domain:jzt.jd.com
domain:wwads.cn
domain:fclog.baidu.com
domain:nsclick.baidu.com
domain:beizi.biz
domain:adv-sv-show.focus.cn
domain:juicyads.com
domain:advapi.joyplus.tv
domain:push.qq.com
domain:adash-c.m.taobao.com
domain:googletagservices-cn.com
domain:bingads.com
domain:ad.wang502.com
domain:adtrafficquality.google
domain:collector.xhamster.com
domain:zz.bdstatic.com
domain:ads-pixiv.net
domain:ms.vk.com
domain:mtrace.qq.com
domain:slog.sina.cn
domain:adashx.ut.amap.com
domain:cpu.baidu.com
domain:a.alimama.cn
domain:adash-c.ut.taobao.com
domain:i.snssdk.com
domain:exosrv.com
domain:wit.qq.com
domain:qpb.sohu.com
domain:e.qq.com
domain:zxid-m.mobileservice.cn
domain:eiv.baidu.com
domain:ads.yahoo.com
domain:admob.com
domain:ylog.hiido.com
domain:p-log.ykimg.com
domain:iwanad.baidu.com
domain:yandex-metrica.ru
domain:adv.yandex.ru
domain:zhihu-web-analytics.zhihu.com
domain:click.uve.mobile.sina.cn
domain:partnerad.l.google.com
domain:cdn.banclip.com
domain:googleads.com
domain:mcs.snssdk.com
domain:analytics-alv.google.com
domain:marketing.alibaba.com
domain:mbdlog.iqiyi.com
domain:acjs.aliyun.com
domain:afdconf.baidu.com
domain:e.stat.ykimg.com
domain:leanplum.com
domain:2mdn.net
domain:mixer.sina.cn
domain:h-adashx.ut.youku.com
domain:eroadvertising.com
domain:guanggaoad.youku.com
domain:theta.sogoucdn.com
domain:hm.baidu.com
domain:monitor.uu.qq.com
domain:testads.api.my7v.com
domain:adservice.sigmob.cn
domain:microad.jp
domain:radar.imgsmail.ru
domain:mipcache.bdstatic.com
domain:ms.vk.ru
domain:bugly.qq.com
domain:utoken.umeng.com
domain:crash2.zhihu.com
domain:audid.umeng.com
domain:adukwai.com
domain:app-analytics-services.com
domain:cb.baidu.com
domain:cnlogs.umengcloud.com
domain:ad.toutiao.com
domain:sabavision.com
domain:slog.sina.com.cn
domain:collector.github.com
domain:metrika.yandex.com
domain:adbkwai.com
domain:pangolin-sdk-toutiao1.com
domain:tubemogul.com
domain:appmetrica.yandex.ru
domain:gia.jd.com
domain:xy-log.tagtic.cn
domain:googleadsserving.cn
domain:s4yxaqyq95.com
domain:sbeacon.sina.com.cn
domain:byteadverts.com
domain:adv.vk.com
domain:cstm.baidu.com
domain:union.baidu.com
domain:ad.tencentmusic.com
domain:pv.hd.sohu.com
domain:adivery.ir
domain:nbsdk-baichuan.taobao.com
domain:panplayable-toutiao-b.com
domain:m.aty.sohu.com
domain:v6-adashx.ut.cainiao.com
domain:ads.yandex.ru
domain:iadmatapk.nosdn.127.net
domain:statis.api.3g.youku.com
domain:cps.360buy.com
domain:sclick.baidu.com
domain:adash.man.aliyuncs.com
domain:adimg.uve.weibo.com
domain:gmossp-sp.jp
domain:adsmind.apdcdn.tc.qq.com
domain:metrika.yandex.net
domain:adsfile.qq.com
domain:decide.mixpanel.com
domain:baichuan-sdk.alicdn.com
domain:report.tencentmusic.com
domain:hmma.baidu.com
domain:ads.uc.cn
domain:ad.xiaomi.com
domain:pv.sohu.com
domain:pub.network
domain:ero-advertising.com
domain:plbslog.umeng.com
domain:analytics.vpc.duolingo.com
domain:qqdata.ab.qq.com
domain:doubleclick.cn
domain:tracker.xiaomixiaoai.com
domain:sdkclick.mobile.sina.cn
domain:serving-sys.com
domain:fout.jp
domain:adserviceretry.kglink.cn
domain:ironbeast.io
domain:adwords-community.com
domain:dualstack-logs.amap.com
domain:ads-twitter.com
domain:atm.youku.com
domain:doubleclick-cn.net
domain:sentry.music.163.com
domain:metrics.viqeo.tv
domain:pangolin-dsp-toutiao-b.com
domain:exoclick.com
domain:adbox.sina.com.cn
domain:adsqqclick.qq.com
domain:adwordsexpress.com
domain:aspect-upush.umeng.com
domain:ads.sber.ru
domain:socdm.com
domain:cm.baidu.com
domain:r.mail.ru
domain:snapads.com
domain:admob.xiaomi.com
domain:ads.unitychina.cn
domain:adkwai.com
domain:gz-data.com
domain:moat.com
domain:cbjs.baidu.com
domain:api2.amplitude.com
domain:ad.api.3g.youku.com
domain:btrace.qq.com
domain:stat.y.qq.com
domain:sf3-ttcdn-tos.pstatp.com
domain:adashbc.ut.taobao.com
domain:syh.zybang.com
domain:biz.weibo.com
domain:app-measurement-cn.com
domain:log.dzen.ru
domain:moatads.com
domain:static.javhd.com
domain:adsensecustomsearchads.com
domain:msads.net
domain:pmir.3g.qq.com
domain:qpb1.sohu.com
domain:urchin.com
domain:graph.whatsapp.net
domain:neon.click
domain:kepler-37b.com
domain:cupid.iqiyi.com
domain:euads-o.api.leiniao.com
domain:app-measurement.com
domain:beaconcdn.qq.com
domain:cdp.cloud.unity3d.com
domain:mountain.zhidao.baidu.com
domain:inner-active.mobi
domain:eclick.baidu.com
domain:graph.whatsapp.com
domain:pglstatp-sdk-toutiao.com
domain:nbsdk-baichuan.alicdn.com
domain:appsflyersdk.com
domain:googlesyndication-cn.com
domain:z.gds.cnzz.com
domain:iadmusicmatvideo.music.126.net
domain:log-upload.mihoyo.com
domain:fenxi.360.cn
domain:pb.i.sogou.com
domain:atanx2.alicdn.com
domain:ads-union.jd.com
domain:h-adashx.ut.ele.me
domain:emogi.com
domain:click.gamersky.com
domain:logger.qmai.cn
domain:ad.qun.qq.com
domain:wkctj.baidu.com
domain:dup.baidustatic.com
domain:pingjs.qq.com
domain:log.sina.cn
domain:img-x.jd.com
domain:gemini.yahoo.com
domain:imp.go.sohu.com
domain:bzclk.baidu.com
domain:tdsdk.cpatrk.net
domain:stat.m.jd.com
domain:perf-events.cloud.unity3d.com
domain:lqc006.com
domain:adv.sec.intl.miui.com
domain:realsrv.com
domain:aaxads.com
domain:track.lc.quark.cn
domain:tmeadcomm.y.qq.com
domain:dig.bdurl.net
domain:adashx.m.taobao.com
domain:mediav.com
domain:fcmatch.google.com
domain:wbclick.mobile.sina.cn
domain:adashx4yt.m.taobao.com
domain:ifacelog.iqiyi.com
domain:ads-ut.api.leiniao.com
domain:a.adtng.com
domain:sentry.d.mi.com
domain:reyun.com
domain:ipinyou.com.cn
domain:gozendata.com
domain:beacon.cdn.qq.com
domain:ad.mobile.youku.com
domain:cxhub.ru
domain:ads.huan.tv
domain:img-bss.csdn.net
domain:clickstream.sberbank.ru
domain:adsenseformobileapps.com
domain:51.la
domain:a.mts.ru
domain:onesignal.com
domain:adse.wsa.ximalaya.com
domain:ads-api.duolingo.com
domain:hao123union.baidu.com
domain:aaid.umeng.com
domain:pangolin-lq.snssdk.com
domain:admusicpic.music.126.net
domain:tracking.miui.com
domain:imgstat.baidu.com
domain:a.youdao.com
domain:data.mistat.rus.xiaomi.com
domain:webvisor.org
domain:adash.m.taobao.com
domain:ja.gamersky.com
domain:obs.mts.ru
domain:atrace.chelaile.net.cn
domain:pangle.cn
domain:adslvfile.qq.com
domain:amazon-adsystem.com
domain:fclick.baidu.com
domain:dt.dbankcloud.ru
domain:adsview.qq.com
domain:trace-flow.ru
domain:clck.yandex.ru
domain:a.market.xiaomi.com
domain:eduad.baidu.com
domain:click.uve.weibo.com
domain:googleadservices-cn.com
domain:iad.apple.com
domain:duiwai.baidu.com
domain:adfox.yandex.ru
domain:adserviceretry.kugou.com
domain:p4p.sina.com.cn
domain:rmonitor.qq.com
domain:mobads-pre-config.cdn.bcebos.com
domain:adfox.ru
domain:kurogames-ads.com
domain:wangmeng.baidu.com
domain:yandexmetrica.com
domain:analytics.tiktok.com
domain:alog.umeng.com
domain:adse.ximalaya.com
domain:microsoftads.com
domain:zhugeapi.net
domain:toboads.com
domain:ads.huantest.com
domain:drmcmm.baidu.com
domain:s.union.360.cn
domain:atom-data.io
domain:advertiserscommunity.com
domain:adshmmsg.qq.com
domain:lianmeng.360.cn
domain:metrics.duolingo.com
domain:mdt.qq.com
domain:applvn.com
domain:alogs.umeng.com
domain:yads.tech
domain:c.uaa.iqiyi.com
domain:log.tbs.qq.com
domain:trafficfactory.biz
domain:pl.youku.com
domain:ad.weixin.qq.com
domain:msg.youku.com
domain:graph.instagram.com
domain:adfilter.imtt.qq.com
domain:pglstatp-snssdk-toutiao.com
domain:h-adashx.ut.taobao.com
domain:microad.co.jp
domain:insights-collector.gog.com
domain:googletraveladservices.com
domain:v6-adashx.ut.taobao.com
domain:log.zijieapi.com
domain:googleads-cn.com
domain:counter.yandex.ru
domain:alitui.weibo.com
domain:afd.baidu.com
domain:adsclick.qq.com
domain:pimlog.baidu.com
domain:analytics.vk.com
domain:nelreports.net
domain:lstat.youku.com
domain:googleadapis.l.google.com
domain:innovid.com
domain:im-apps.net
domain:googleanalytics.com
domain:zhugeio.com
domain:iadmat.nosdn.127.net
domain:ad.m.iqiyi.com
domain:shhs-ydd8x2.yjrmss.cn
domain:tpstelemetry.tencent.com
domain:adnet.sohu.com
domain:analytics-data.io
domain:appmetrica.yango.com
domain:51y5.net
domain:extlog.snssdk.com
domain:s.mindbox.ru
domain:ubmcvideo.baidustatic.com
domain:yfanads.com
domain:config.uca.cloud.unity3d.com
domain:unionimage.baidu.com
domain:adv.app.qq.com
domain:adslot.uc.cn
domain:adservice.google.com
domain:jl3.yjaxa.top
domain:retcode.taobao.com
domain:cloudpush.iqiyi.com
domain:api-adservices.apple.com
domain:pangolin.snssdk.com
domain:ugdtimg.com
domain:csjplatform.com
domain:miaowu.baidu.com
domain:browser.events.data.msn.cn
domain:demdex.net
domain:new-aaid.umeng.com
domain:googletagservices.com
domain:hq-tracking.qq.com
domain:static.hotjar.com
domain:trackingprd.hwwt8.com
domain:googleadapis.com
domain:yektanet.com
domain:cretgate.com
domain:unityads.unity3d.com
domain:beacon.sina.com.cn
domain:tce.alicdn.com
domain:data.mistat.india.xiaomi.com
domain:mobads.baidu.com
domain:pbmp.ali213.net
domain:googletagmanager-cn.com
domain:pangolin-hl.snssdk.com
domain:nsclickvideo.baidu.com
domain:applovin.com
domain:atanx.alicdn.com
domain:mc.yandex.ru
domain:go2.global
domain:crash.163.com
domain:click.ali213.net
domain:adimg.mobile.sina.cn
domain:ads-uo.api.leiniao.com
domain:splash-ads.unitychina.cn
domain:metrika.yandex.ru
domain:mobileads.google.com
domain:ads.trafficjunky.net
domain:google-analytics-cn.com
domain:adbutter.net
domain:sentry.d.xiaomi.net
domain:zhugeapi.com
domain:ecmb.bdimg.com
domain:v6-adashx.ut.ele.me
domain:adivery.com
domain:pixel.facebook.com
domain:wapwbclick.mobile.sina.cn
domain:fenxi.com
domain:spcode.baidu.com
domain:apple.www.letv.com
domain:ark.letv.com
domain:p.aty.sohu.com
domain:click.hunantv.com
domain:log.v2.hunantv.com
domain:tapsell.ir
domain:ads.union.jd.com
domain:da.mgtv.com
domain:clarity.ms
domain:alog.umengcloud.com
domain:zxid-api.mobileservice.cn
domain:ad.12306.cn
domain:pgdt.gtimg.cn
domain:cnlogs.umeng.com
domain:googlesyndication.com
domain:ad.sina.com.cn
domain:googletagmanager.com
domain:webvisor.com
domain:ad-srv.net
domain:cnaa123.com
domain:tmead.y.qq.com
domain:ctobsnssdk.com
domain:yk-ssp.ad.youku.com
domain:alogus.umeng.com
domain:log2.sina.cn
domain:i-mobile.co.jp
domain:adx.xiaodutv.com
domain:yfanads.cn
domain:ulogs.umeng.com
domain:adashbc.m.taobao.com
domain:bluekai.com
domain:adsadvisor.io
domain:ccs.umeng.com
domain:adsh.m.taobao.com
domain:adtechus.com
domain:ad.mail.ru
domain:prd-lender.cdp.internal.unity3d.com
domain:qwapi.com
domain:pangolin-sdk-toutiao-b.com
domain:chinaciaf.org
domain:apptracer.ru
domain:yango-ads.com
domain:jads.co
domain:evt.mxplay.com
domain:ecmc.bdimg.com
domain:adx.36kr.com
domain:w.cnzz.com
domain:v6-adashx.ut.youku.com
domain:c-nfa.jd.com
domain:wmbd.gamersky.com
domain:ad.hpplay.cn
domain:marketingplatform.google.com
domain:hwads-t.api.my7v.com
domain:analytics.cloud.unity3d.com
domain:lu.sogou.com
domain:googleoptimize-cn.com
domain:ar.umeng.com
domain:ja2.gamersky.com
domain:baifen.music.baidu.com
domain:adbehavior.ximalaya.com
domain:adver.qq.com
domain:g.mindbox.ru
domain:ad.browser.qq.com
domain:mail-ads.google.com
domain:samsungads.com
domain:relap.mail.ru
domain:new-aaid.umeng.com.gds.alibabadns.com
domain:cpro.baidu.com
domain:inte.sogou.com
domain:doubleclick.com
domain:pangolin-lf.snssdk.com
domain:logupdate.avlyun.sec.miui.com
domain:ad.intl.xiaomi.com
domain:htrace.wetvinfo.com
domain:iadsdk.apple.com
domain:isdspeed.qq.com
domain:js-agent.newrelic.com
domain:adtrue.com
domain:mobwithad.com
domain:adv.sec.miui.com
domain:ads.service.kugou.com
domain:tracker-api.my.com
domain:imglnkc.com
domain:top-fwz1.mail.ru
domain:g.163.com
domain:samsungadhub.com
domain:passport-log.youku.com
domain:target.my.com
domain:alt-ad.mail.ru
domain:youdaoads.com
domain:alimama.alicdn.com
domain:iads.unity3d.com
domain:advertising.adobe.com
domain:appmetrica.yandex.net
domain:sensors.umetrip.com.cn
domain:tns.simba.taobao.com
domain:e.mindbox.ru
domain:analytics.umetrip.com
domain:stat.youku.com
domain:qhupdate.com
domain:ssp.api.tappx.com
domain:afp.iqiyi.com
domain:adashx.ut.youku.com
domain:ad.us.sinaimg.cn
domain:appmetrica.yandex.com
domain:stats.music.xiaomi.com
domain:dc.letv.com
domain:logs.chelaile.net.cn
domain:najva.com
domain:log.mix.sina.com.cn
domain:tm-banners.gamingadult.com
domain:googleoptimize.com
domain:s-adashx.ut.youku.com
domain:contentabc.com
domain:ms.dzen.ru
domain:rs.sinajs.cn
domain:analytics.facebook.com
domain:msg2.video.qiyi.com
domain:bdu.focus.cn
domain:beacon.qq.com
full:ads.rustore.ru
full:log3-applog-hl.fqnovel.com
full:sentry.hetzner.company
full:api-ru.carrotquest.io
full:browser-intake-datadoghq.com
full:amc.yandex.ru
full:ads3-normal.zijieapi.com
full:xapi.ozon.kz
full:stats.vk-portal.net
full:log3-applog.fqnovel.com
full:1l-hit.mail.ru
full:stacks.vk-portal.net
full:questions-adv.ozon.ru
full:ads5-normal.zijieapi.com
full:error-tracking.megamarket.tech
full:marketplace-sentry.wb.ru
full:p6-ad-sign.byteimg.com
full:incoming.telemetry.mozilla.org
full:log.strm.yandex.ru
full:analytics.vk.ru
full:b2.mail.ru
full:xapi.ozon.com.kz
full:openai.qualtrics.com
full:ads.dahlmessenger.com
full:ads.x5media.ru
full:apilog-web.acfun.cn
full:an.mail.ru
full:agency-adv.ozon.ru
full:reklama.mail.ru
full:ads.yango.com
full:copilot-telemetry-service.githubusercontent.com
full:api.carrotquest.io
full:analytics.wildberries.ru
full:mc.yango.com
full:stats.dahlmessenger.com
full:advert-api-sandbox.wb.ru
full:sentry.iptv.rt.ru
full:ad4.mail.ru
full:tracing-http.megamarket.tech
full:api.carrottrack.app
full:xapi.ozonru.me
full:metrika.kontur.ru
full:ads-gate.wildberries.ru
full:visor.sberbank.ru
full:ads-img.mozilla.org
full:sentry.rustore.ru
full:ad.ozone.ru
full:xapi.ozon.com.by
full:adblogger.vk.ru
full:adv.vk.ru
full:analytics.mobile.yandex.net
full:adv.ozon.ru
full:log5-applog-hl.fqnovel.com
full:api-eu.carrotquest.io
full:api.mindbox.ru
full:o4504926511693824.ingest.sentry.io
full:advert-media-api.wb.ru
full:incoming-telemetry.thunderbird.net
full:advk.vk.ru
full:alt-r.my.com
full:xapi.ozon.ru
full:ads-media.wildberries.ru
full:rs.mail.ru
full:api-secure.carrottrack.app
full:srch-telemeter10.g.smailru.net
full:adsapp.dahlmessenger.com
full:target.vk.com
full:copilot-telemetry.githubusercontent.com
full:ads.x5.ru
full:sentry.x5.ru
full:rtlog5-applog-hl.fqnovel.com
full:xray.mail.ru
full:click.rustore.ru
full:adsdk.yandex.ru
full:ad-channel.diwodiwo.xyz
full:api.dashlytrack.app
full:xapi.ozon.com
full:analytics-stage.wildberries.ru
full:bs.mail.ru
full:pixel.yandex.com
full:api.carrotquest.app
full:api-staging.mindbox.ru
full:loyalnost-adv.ozon.ru
full:adsapp.telega.info
full:sentry.dev-my.games
full:analytics.google.com
full:advert-api.wildberries.ru
full:xapi.ozon.by
full:metrics.21-school.ru
full:ads.vk.com
full:logs.ads.vungle.com
full:api-eu.carrotquest.app
full:adv.rustore.ru
full:rtlog3-applog.fqnovel.com
full:sentry.sberauto.com
full:r0.mail.ru
full:sentry.ozon.ru
full:report.ap.yandex-net.ru
full:ads.icq.com
full:wlog.kuaishou.com
full:r0.mradx.net
full:r1.mail.ru
full:sentry.mindbox.ru
full:google-analytics-suite.ozon.ru
full:ads-integration.rustore.ru
full:disney.my.sentry.io
full:informer.yandex.ru
full:ads.yandex.com
full:p3-ad-sign.byteimg.com
full:ads.vk.ru
full:analytics-adv.ozon.ru
full:api-js.mindbox.ru
full:stats.dev.telega.info
full:sentry.wb.ru
full:log-sdk.gifshow.com
full:clck.yandex.com
full:clck.yandex.net
full:ads.wildberries.ru
full:advert-api-sandbox.wildberries.ru
full:adstudio-assets.scdn.co
full:adsapp.stage.telega.info
full:mc.yandex.com
full:bloodhound.spotify.com
full:adblogger.vk.com
full:pixel.rustore.ru
full:new-adv.ozon.ru
full:stats.telega.info
full:o33249.ingest.sentry.io
full:clck.yango.com
full:web-analytics.wildberries.ru
full:api-ru.mindbox.cloud
full:log5-applog.fqnovel.com
full:stats.avito.ru
full:prodvizhenie-adv.ozon.ru
full:whiteline.mail.ru
full:ads5-normal-hl.zijieapi.com
full:sentry-ng.g.smailru.net
full:sentry.popmechanic.ru
full:adfstat.yandex.ru
full:p9-ad-sign.byteimg.com
full:ads.mozilla.org
full:sentry.dev-my.com
full:stats.rustore.ru
full:top-staging.mail.ru
full:mc.yandex.net
full:ads3-normal-hl.zijieapi.com
full:advert-media-api.wildberries.ru
full:rtlog5-applog.fqnovel.com
full:api-ru.carrotquest.app
full:rtlog3-applog-hl.fqnovel.com
full:api-secure.carrotquest.app
full:api.dashly.app
full:sentry.kontur.host
full:1l-hit.vkplay.ru
full:ad-display.diwodiwo.xyz
full:t.mail.ru
full:adeventtracker.spotify.com
full:marketing-info.wildberries.ru
full:api.mindbox.cloud
full:sentry.viqeo.tv
full:beginners-adv.ozon.ru
full:advert-api.wb.ru
