[ДУБЛИКАТ ОБНАРУЖЕН]
  Кастомный источник : https://github.com/bratishkadrugoimamysynishka/geogaga-client-flavor/raw/main/custom-additions/geosite-direct.lst
  Элемент            : [full] lolstatic-a.akamaihd.net
  Апстрим-источники  :
    • https://github.com/Loyalsoldier/v2ray-rules-dat/raw/release/geosite.dat [Категории: RIOT]
----------------------------------------------------------------------
[ДУБЛИКАТ ОБНАРУЖЕН]
  Кастомный источник : https://github.com/bratishkadrugoimamysynishka/geogaga-client-flavor/raw/main/custom-additions/geosite-direct.lst
  Элемент            : [domain] leagueoflegends.com
  Апстрим-источники  :
    • https://github.com/Loyalsoldier/v2ray-rules-dat/raw/release/geosite.dat [Категории: RIOT]
----------------------------------------------------------------------
[ДУБЛИКАТ ОБНАРУЖЕН]
  Кастомный источник : https://github.com/bratishkadrugoimamysynishka/geogaga-client-flavor/raw/main/custom-additions/geosite-direct.lst
  Элемент            : [domain] riot-games.com
  Апстрим-источники  :
    • https://github.com/Loyalsoldier/v2ray-rules-dat/raw/release/geosite.dat [Категории: RIOT]
----------------------------------------------------------------------
[ДУБЛИКАТ ОБНАРУЖЕН]
  Кастомный источник : https://github.com/bratishkadrugoimamysynishka/geogaga-client-flavor/raw/main/custom-additions/geosite-direct.lst
  Элемент            : [domain] historyofdota.org
  Апстрим-источники  :
    • https://github.com/Loyalsoldier/v2ray-rules-dat/raw/release/geosite.dat [Категории: RIOT]
----------------------------------------------------------------------
[ДУБЛИКАТ ОБНАРУЖЕН]
  Кастомный источник : https://github.com/bratishkadrugoimamysynishka/geogaga-client-flavor/raw/main/custom-additions/geosite-direct.lst
  Элемент            : [domain] instituteofwar.org
  Апстрим-источники  :
    • https://github.com/Loyalsoldier/v2ray-rules-dat/raw/release/geosite.dat [Категории: RIOT]
----------------------------------------------------------------------
[ДУБЛИКАТ ОБНАРУЖЕН]
  Кастомный источник : https://github.com/bratishkadrugoimamysynishka/geogaga-client-flavor/raw/main/custom-additions/geosite-direct.lst
  Элемент            : [domain] molesports.com
  Апстрим-источники  :
    • https://github.com/Loyalsoldier/v2ray-rules-dat/raw/release/geosite.dat [Категории: RIOT]
----------------------------------------------------------------------
[ДУБЛИКАТ ОБНАРУЖЕН]
  Кастомный источник : https://github.com/bratishkadrugoimamysynishka/geogaga-client-flavor/raw/main/custom-additions/geosite-direct.lst
  Элемент            : [domain] leagueoflegends.info
  Апстрим-источники  :
    • https://github.com/Loyalsoldier/v2ray-rules-dat/raw/release/geosite.dat [Категории: RIOT]
----------------------------------------------------------------------
[ДУБЛИКАТ ОБНАРУЖЕН]
  Кастомный источник : https://github.com/bratishkadrugoimamysynishka/geogaga-client-flavor/raw/main/custom-additions/geosite-direct.lst
  Элемент            : [domain] riot.com
  Апстрим-источники  :
    • https://github.com/Loyalsoldier/v2ray-rules-dat/raw/release/geosite.dat [Категории: RIOT]
----------------------------------------------------------------------
[ДУБЛИКАТ ОБНАРУЖЕН]
  Кастомный источник : https://github.com/bratishkadrugoimamysynishka/geogaga-client-flavor/raw/main/custom-additions/geosite-direct.lst
  Элемент            : [domain] riot.net
  Апстрим-источники  :
    • https://github.com/Loyalsoldier/v2ray-rules-dat/raw/release/geosite.dat [Категории: RIOT]
----------------------------------------------------------------------
[ДУБЛИКАТ ОБНАРУЖЕН]
  Кастомный источник : https://github.com/bratishkadrugoimamysynishka/geogaga-client-flavor/raw/main/custom-additions/geosite-direct.lst
  Элемент            : [domain] riotcdn.net
  Апстрим-источники  :
    • https://github.com/Loyalsoldier/v2ray-rules-dat/raw/release/geosite.dat [Категории: RIOT]
----------------------------------------------------------------------
[ДУБЛИКАТ ОБНАРУЖЕН]
  Кастомный источник : https://github.com/bratishkadrugoimamysynishka/geogaga-client-flavor/raw/main/custom-additions/geosite-direct.lst
  Элемент            : [domain] riotgames.com
  Апстрим-источники  :
    • https://github.com/Loyalsoldier/v2ray-rules-dat/raw/release/geosite.dat [Категории: RIOT]
----------------------------------------------------------------------
[ДУБЛИКАТ ОБНАРУЖЕН]
  Кастомный источник : https://github.com/bratishkadrugoimamysynishka/geogaga-client-flavor/raw/main/custom-additions/geosite-direct.lst
  Элемент            : [domain] riotgames.info
  Апстрим-источники  :
    • https://github.com/Loyalsoldier/v2ray-rules-dat/raw/release/geosite.dat [Категории: RIOT]
----------------------------------------------------------------------
[ДУБЛИКАТ ОБНАРУЖЕН]
  Кастомный источник : https://github.com/bratishkadrugoimamysynishka/geogaga-client-flavor/raw/main/custom-additions/geosite-direct.lst
  Элемент            : [domain] riotgames.jp
  Апстрим-источники  :
    • https://github.com/Loyalsoldier/v2ray-rules-dat/raw/release/geosite.dat [Категории: RIOT]
----------------------------------------------------------------------
[ДУБЛИКАТ ОБНАРУЖЕН]
  Кастомный источник : https://github.com/bratishkadrugoimamysynishka/geogaga-client-flavor/raw/main/custom-additions/geosite-direct.lst
  Элемент            : [domain] riotgames.net
  Апстрим-источники  :
    • https://github.com/Loyalsoldier/v2ray-rules-dat/raw/release/geosite.dat [Категории: RIOT]
----------------------------------------------------------------------
[ДУБЛИКАТ ОБНАРУЖЕН]
  Кастомный источник : https://github.com/bratishkadrugoimamysynishka/geogaga-client-flavor/raw/main/custom-additions/geosite-direct.lst
  Элемент            : [domain] riotgames.tv
  Апстрим-источники  :
    • https://github.com/Loyalsoldier/v2ray-rules-dat/raw/release/geosite.dat [Категории: RIOT]
----------------------------------------------------------------------
[ДУБЛИКАТ ОБНАРУЖЕН]
  Кастомный источник : https://github.com/bratishkadrugoimamysynishka/geogaga-client-flavor/raw/main/custom-additions/geosite-direct.lst
  Элемент            : [domain] riotpin.com
  Апстрим-источники  :
    • https://github.com/Loyalsoldier/v2ray-rules-dat/raw/release/geosite.dat [Категории: RIOT]
----------------------------------------------------------------------
[ДУБЛИКАТ ОБНАРУЖЕН]
  Кастомный источник : https://github.com/bratishkadrugoimamysynishka/geogaga-client-flavor/raw/main/custom-additions/geosite-direct.lst
  Элемент            : [domain] riotpoints.com
  Апстрим-источники  :
    • https://github.com/Loyalsoldier/v2ray-rules-dat/raw/release/geosite.dat [Категории: RIOT]
----------------------------------------------------------------------
[ДУБЛИКАТ ОБНАРУЖЕН]
  Кастомный источник : https://github.com/bratishkadrugoimamysynishka/geogaga-client-flavor/raw/main/custom-additions/geosite-direct.lst
  Элемент            : [domain] rstatic.net
  Апстрим-источники  :
    • https://github.com/Loyalsoldier/v2ray-rules-dat/raw/release/geosite.dat [Категории: RIOT]
----------------------------------------------------------------------
[ДУБЛИКАТ ОБНАРУЖЕН]
  Кастомный источник : https://github.com/bratishkadrugoimamysynishka/geogaga-client-flavor/raw/main/custom-additions/geosite-direct.lst
  Элемент            : [domain] historyofdota.com
  Апстрим-источники  :
    • https://github.com/Loyalsoldier/v2ray-rules-dat/raw/release/geosite.dat [Категории: RIOT]
----------------------------------------------------------------------
[ДУБЛИКАТ ОБНАРУЖЕН]
  Кастомный источник : https://github.com/bratishkadrugoimamysynishka/geogaga-client-flavor/raw/main/custom-additions/geosite-direct.lst
  Элемент            : [domain] supremacy.net
  Апстрим-источники  :
    • https://github.com/Loyalsoldier/v2ray-rules-dat/raw/release/geosite.dat [Категории: RIOT]
----------------------------------------------------------------------
[ДУБЛИКАТ ОБНАРУЖЕН]
  Кастомный источник : https://github.com/bratishkadrugoimamysynishka/geogaga-client-flavor/raw/main/custom-additions/geosite-direct.lst
  Элемент            : [domain] championshipseriesleague.com
  Апстрим-источники  :
    • https://github.com/Loyalsoldier/v2ray-rules-dat/raw/release/geosite.dat [Категории: RIOT]
----------------------------------------------------------------------
[ДУБЛИКАТ ОБНАРУЖЕН]
  Кастомный источник : https://github.com/bratishkadrugoimamysynishka/geogaga-client-flavor/raw/main/custom-additions/geosite-direct.lst
  Элемент            : [domain] lcsmerch.com
  Апстрим-источники  :
    • https://github.com/Loyalsoldier/v2ray-rules-dat/raw/release/geosite.dat [Категории: RIOT]
----------------------------------------------------------------------
[ДУБЛИКАТ ОБНАРУЖЕН]
  Кастомный источник : https://github.com/bratishkadrugoimamysynishka/geogaga-client-flavor/raw/main/custom-additions/geosite-direct.lst
  Элемент            : [domain] leaguehighschool.com
  Апстрим-источники  :
    • https://github.com/Loyalsoldier/v2ray-rules-dat/raw/release/geosite.dat [Категории: RIOT]
----------------------------------------------------------------------
[ДУБЛИКАТ ОБНАРУЖЕН]
  Кастомный источник : https://github.com/bratishkadrugoimamysynishka/geogaga-client-flavor/raw/main/custom-additions/geosite-direct.lst
  Элемент            : [domain] leagueoflegends.ca
  Апстрим-источники  :
    • https://github.com/Loyalsoldier/v2ray-rules-dat/raw/release/geosite.dat [Категории: RIOT]
----------------------------------------------------------------------
[ДУБЛИКАТ ОБНАРУЖЕН]
  Кастомный источник : https://github.com/bratishkadrugoimamysynishka/geogaga-client-flavor/raw/main/custom-additions/geosite-direct.lst
  Элемент            : [domain] supremacy.com
  Апстрим-источники  :
    • https://github.com/Loyalsoldier/v2ray-rules-dat/raw/release/geosite.dat [Категории: RIOT]
----------------------------------------------------------------------
[ДУБЛИКАТ ОБНАРУЖЕН]
  Кастомный источник : https://github.com/bratishkadrugoimamysynishka/geogaga-client-flavor/raw/main/custom-additions/geosite-direct.lst
  Элемент            : [domain] historyofdota.net
  Апстрим-источники  :
    • https://github.com/Loyalsoldier/v2ray-rules-dat/raw/release/geosite.dat [Категории: RIOT]
----------------------------------------------------------------------
[ДУБЛИКАТ ОБНАРУЖЕН]
  Кастомный источник : https://github.com/bratishkadrugoimamysynishka/geogaga-client-flavor/raw/main/custom-additions/geosite-direct.lst
  Элемент            : [domain] leagueoflegends.kr
  Апстрим-источники  :
    • https://github.com/Loyalsoldier/v2ray-rules-dat/raw/release/geosite.dat [Категории: RIOT]
----------------------------------------------------------------------
[ДУБЛИКАТ ОБНАРУЖЕН]
  Кастомный источник : https://github.com/bratishkadrugoimamysynishka/geogaga-client-flavor/raw/main/custom-additions/geosite-direct.lst
  Элемент            : [domain] leagueoflegends.net
  Апстрим-источники  :
    • https://github.com/Loyalsoldier/v2ray-rules-dat/raw/release/geosite.dat [Категории: RIOT]
----------------------------------------------------------------------
[ДУБЛИКАТ ОБНАРУЖЕН]
  Кастомный источник : https://github.com/bratishkadrugoimamysynishka/geogaga-client-flavor/raw/main/custom-additions/geosite-direct.lst
  Элемент            : [domain] leagueoflegends.org
  Апстрим-источники  :
    • https://github.com/Loyalsoldier/v2ray-rules-dat/raw/release/geosite.dat [Категории: RIOT]
----------------------------------------------------------------------
[ДУБЛИКАТ ОБНАРУЖЕН]
  Кастомный источник : https://github.com/bratishkadrugoimamysynishka/geogaga-client-flavor/raw/main/custom-additions/geosite-direct.lst
  Элемент            : [domain] leagueoflegendsscripts.com
  Апстрим-источники  :
    • https://github.com/Loyalsoldier/v2ray-rules-dat/raw/release/geosite.dat [Категории: RIOT]
----------------------------------------------------------------------
[ДУБЛИКАТ ОБНАРУЖЕН]
  Кастомный источник : https://github.com/bratishkadrugoimamysynishka/geogaga-client-flavor/raw/main/custom-additions/geosite-direct.lst
  Элемент            : [domain] leaguesharp.info
  Апстрим-источники  :
    • https://github.com/Loyalsoldier/v2ray-rules-dat/raw/release/geosite.dat [Категории: RIOT]
----------------------------------------------------------------------
[ДУБЛИКАТ ОБНАРУЖЕН]
  Кастомный источник : https://github.com/bratishkadrugoimamysynishka/geogaga-client-flavor/raw/main/custom-additions/geosite-direct.lst
  Элемент            : [domain] leaguoflegends.com
  Апстрим-источники  :
    • https://github.com/Loyalsoldier/v2ray-rules-dat/raw/release/geosite.dat [Категории: RIOT]
----------------------------------------------------------------------
[ДУБЛИКАТ ОБНАРУЖЕН]
  Кастомный источник : https://github.com/bratishkadrugoimamysynishka/geogaga-client-flavor/raw/main/custom-additions/geosite-direct.lst
  Элемент            : [domain] learnwithleague.com
  Апстрим-источники  :
    • https://github.com/Loyalsoldier/v2ray-rules-dat/raw/release/geosite.dat [Категории: RIOT]
----------------------------------------------------------------------
[ДУБЛИКАТ ОБНАРУЖЕН]
  Кастомный источник : https://github.com/bratishkadrugoimamysynishka/geogaga-client-flavor/raw/main/custom-additions/geosite-direct.lst
  Элемент            : [domain] lol-europe.com
  Апстрим-источники  :
    • https://github.com/Loyalsoldier/v2ray-rules-dat/raw/release/geosite.dat [Категории: RIOT]
----------------------------------------------------------------------
[ДУБЛИКАТ ОБНАРУЖЕН]
  Кастомный источник : https://github.com/bratishkadrugoimamysynishka/geogaga-client-flavor/raw/main/custom-additions/geosite-direct.lst
  Элемент            : [domain] lolclub.org
  Апстрим-источники  :
    • https://github.com/Loyalsoldier/v2ray-rules-dat/raw/release/geosite.dat [Категории: RIOT]
----------------------------------------------------------------------
[ДУБЛИКАТ ОБНАРУЖЕН]
  Кастомный источник : https://github.com/bratishkadrugoimamysynishka/geogaga-client-flavor/raw/main/custom-additions/geosite-direct.lst
  Элемент            : [domain] lolespor.com
  Апстрим-источники  :
    • https://github.com/Loyalsoldier/v2ray-rules-dat/raw/release/geosite.dat [Категории: RIOT]
----------------------------------------------------------------------
[ДУБЛИКАТ ОБНАРУЖЕН]
  Кастомный источник : https://github.com/bratishkadrugoimamysynishka/geogaga-client-flavor/raw/main/custom-additions/geosite-direct.lst
  Элемент            : [domain] lolesports.com
  Апстрим-источники  :
    • https://github.com/Loyalsoldier/v2ray-rules-dat/raw/release/geosite.dat [Категории: RIOT]
----------------------------------------------------------------------
[ДУБЛИКАТ ОБНАРУЖЕН]
  Кастомный источник : https://github.com/bratishkadrugoimamysynishka/geogaga-client-flavor/raw/main/custom-additions/geosite-direct.lst
  Элемент            : [domain] lolfanart.net
  Апстрим-источники  :
    • https://github.com/Loyalsoldier/v2ray-rules-dat/raw/release/geosite.dat [Категории: RIOT]
----------------------------------------------------------------------
[ДУБЛИКАТ ОБНАРУЖЕН]
  Кастомный источник : https://github.com/bratishkadrugoimamysynishka/geogaga-client-flavor/raw/main/custom-additions/geosite-direct.lst
  Элемент            : [domain] lolpcs.com
  Апстрим-источники  :
    • https://github.com/Loyalsoldier/v2ray-rules-dat/raw/release/geosite.dat [Категории: RIOT]
----------------------------------------------------------------------
[ДУБЛИКАТ ОБНАРУЖЕН]
  Кастомный источник : https://github.com/bratishkadrugoimamysynishka/geogaga-client-flavor/raw/main/custom-additions/geosite-direct.lst
  Элемент            : [domain] lolstatic.com
  Апстрим-источники  :
    • https://github.com/Loyalsoldier/v2ray-rules-dat/raw/release/geosite.dat [Категории: RIOT]
----------------------------------------------------------------------
[ДУБЛИКАТ ОБНАРУЖЕН]
  Кастомный источник : https://github.com/bratishkadrugoimamysynishka/geogaga-client-flavor/raw/main/custom-additions/geosite-direct.lst
  Элемент            : [domain] lolusercontent.com
  Апстрим-источники  :
    • https://github.com/Loyalsoldier/v2ray-rules-dat/raw/release/geosite.dat [Категории: RIOT]
----------------------------------------------------------------------
[ДУБЛИКАТ ОБНАРУЖЕН]
  Кастомный источник : https://github.com/bratishkadrugoimamysynishka/geogaga-client-flavor/raw/main/custom-additions/geosite-direct.lst
  Элемент            : [domain] convrgencegame.com
  Апстрим-источники  :
    • https://github.com/Loyalsoldier/v2ray-rules-dat/raw/release/geosite.dat [Категории: RIOT]
----------------------------------------------------------------------
[ДУБЛИКАТ ОБНАРУЖЕН]
  Кастомный источник : https://github.com/bratishkadrugoimamysynishka/geogaga-client-flavor/raw/main/custom-additions/geosite-direct.lst
  Элемент            : [domain] pvp.net
  Апстрим-источники  :
    • https://github.com/Loyalsoldier/v2ray-rules-dat/raw/release/geosite.dat [Категории: RIOT]
----------------------------------------------------------------------
[ДУБЛИКАТ ОБНАРУЖЕН]
  Кастомный источник : https://github.com/bratishkadrugoimamysynishka/geogaga-client-flavor/raw/main/custom-additions/geosite-direct.lst
  Элемент            : [domain] pvp.tv
  Апстрим-источники  :
    • https://github.com/Loyalsoldier/v2ray-rules-dat/raw/release/geosite.dat [Категории: RIOT]
----------------------------------------------------------------------
[ДУБЛИКАТ ОБНАРУЖЕН]
  Кастомный источник : https://github.com/bratishkadrugoimamysynishka/geogaga-client-flavor/raw/main/custom-additions/geosite-direct.lst
  Элемент            : [domain] ulol.com
  Апстрим-источники  :
    • https://github.com/Loyalsoldier/v2ray-rules-dat/raw/release/geosite.dat [Категории: RIOT]
----------------------------------------------------------------------
[ДУБЛИКАТ ОБНАРУЖЕН]
  Кастомный источник : https://github.com/bratishkadrugoimamysynishka/geogaga-client-flavor/raw/main/custom-additions/geosite-direct.lst
  Элемент            : [domain] playvalorant.com
  Апстрим-источники  :
    • https://github.com/Loyalsoldier/v2ray-rules-dat/raw/release/geosite.dat [Категории: RIOT]
----------------------------------------------------------------------
[ДУБЛИКАТ ОБНАРУЖЕН]
  Кастомный источник : https://github.com/bratishkadrugoimamysynishka/geogaga-client-flavor/raw/main/custom-additions/geosite-direct.lst
  Элемент            : [domain] riotforgegames.com
  Апстрим-источники  :
    • https://github.com/Loyalsoldier/v2ray-rules-dat/raw/release/geosite.dat [Категории: RIOT]
----------------------------------------------------------------------
[ДУБЛИКАТ ОБНАРУЖЕН]
  Кастомный источник : https://github.com/bratishkadrugoimamysynishka/geogaga-client-flavor/raw/main/custom-additions/geosite-direct.lst
  Элемент            : [domain] ruinedking.com
  Апстрим-источники  :
    • https://github.com/Loyalsoldier/v2ray-rules-dat/raw/release/geosite.dat [Категории: RIOT]
----------------------------------------------------------------------
[ДУБЛИКАТ ОБНАРУЖЕН]
  Кастомный источник : https://github.com/bratishkadrugoimamysynishka/geogaga-client-flavor/raw/main/custom-additions/geosite-direct.lst
  Элемент            : [domain] riotgames.co.kr
  Апстрим-источники  :
    • https://github.com/Loyalsoldier/v2ray-rules-dat/raw/release/geosite.dat [Категории: RIOT]
----------------------------------------------------------------------
[ДУБЛИКАТ ОБНАРУЖЕН]
  Кастомный источник : https://github.com/bratishkadrugoimamysynishka/geogaga-client-flavor/raw/main/custom-additions/geosite-direct.lst
  Элемент            : [domain] leagueoflegends.co.kr
  Апстрим-источники  :
    • https://github.com/Loyalsoldier/v2ray-rules-dat/raw/release/geosite.dat [Категории: RIOT]
----------------------------------------------------------------------
[ДУБЛИКАТ ОБНАРУЖЕН]
  Кастомный источник : https://github.com/bratishkadrugoimamysynishka/geogaga-client-flavor/raw/main/custom-additions/geosite-direct.lst
  Элемент            : [domain] lolshop.co.kr
  Апстрим-источники  :
    • https://github.com/Loyalsoldier/v2ray-rules-dat/raw/release/geosite.dat [Категории: RIOT]
----------------------------------------------------------------------
[ДУБЛИКАТ ОБНАРУЖЕН]
  Кастомный источник : https://github.com/bratishkadrugoimamysynishka/geogaga-client-flavor/raw/main/custom-additions/geosite-direct.lst
  Элемент            : [domain] leagueoflegends.cn
  Апстрим-источники  :
    • https://github.com/Loyalsoldier/v2ray-rules-dat/raw/release/geosite.dat [Категории: RIOT]
----------------------------------------------------------------------
[ДУБЛИКАТ ОБНАРУЖЕН]
  Кастомный источник : https://github.com/bratishkadrugoimamysynishka/geogaga-client-flavor/raw/main/custom-additions/geosite-direct.lst
  Элемент            : [domain] lpl.com.cn
  Апстрим-источники  :
    • https://github.com/Loyalsoldier/v2ray-rules-dat/raw/release/geosite.dat [Категории: RIOT]
----------------------------------------------------------------------
[ДУБЛИКАТ ОБНАРУЖЕН]
  Кастомный источник : https://github.com/bratishkadrugoimamysynishka/geogaga-client-flavor/raw/main/custom-additions/geosite-direct.lst
  Элемент            : [domain] 3lateral.com
  Апстрим-источники  :
    • https://github.com/hydraponique/roscomvpn-geosite/raw/release/geosite.dat [Категории: EPICGAMES]
----------------------------------------------------------------------
[ДУБЛИКАТ ОБНАРУЖЕН]
  Кастомный источник : https://github.com/bratishkadrugoimamysynishka/geogaga-client-flavor/raw/main/custom-additions/geosite-direct.lst
  Элемент            : [domain] battlebreakers.com
  Апстрим-источники  :
    • https://github.com/hydraponique/roscomvpn-geosite/raw/release/geosite.dat [Категории: EPICGAMES]
----------------------------------------------------------------------
[ДУБЛИКАТ ОБНАРУЖЕН]
  Кастомный источник : https://github.com/bratishkadrugoimamysynishka/geogaga-client-flavor/raw/main/custom-additions/geosite-direct.lst
  Элемент            : [domain] capturingreality.com
  Апстрим-источники  :
    • https://github.com/hydraponique/roscomvpn-geosite/raw/release/geosite.dat [Категории: EPICGAMES]
----------------------------------------------------------------------
[ДУБЛИКАТ ОБНАРУЖЕН]
  Кастомный источник : https://github.com/bratishkadrugoimamysynishka/geogaga-client-flavor/raw/main/custom-additions/geosite-direct.lst
  Элемент            : [domain] cubicmotion.com
  Апстрим-источники  :
    • https://github.com/hydraponique/roscomvpn-geosite/raw/release/geosite.dat [Категории: EPICGAMES]
----------------------------------------------------------------------
[ДУБЛИКАТ ОБНАРУЖЕН]
  Кастомный источник : https://github.com/bratishkadrugoimamysynishka/geogaga-client-flavor/raw/main/custom-additions/geosite-direct.lst
  Элемент            : [domain] eac-cdn.com
  Апстрим-источники  :
    • https://github.com/hydraponique/roscomvpn-geosite/raw/release/geosite.dat [Категории: EPICGAMES]
----------------------------------------------------------------------
[ДУБЛИКАТ ОБНАРУЖЕН]
  Кастомный источник : https://github.com/bratishkadrugoimamysynishka/geogaga-client-flavor/raw/main/custom-additions/geosite-direct.lst
  Элемент            : [domain] easy.ac
  Апстрим-источники  :
    • https://github.com/hydraponique/roscomvpn-geosite/raw/release/geosite.dat [Категории: EPICGAMES]
----------------------------------------------------------------------
[ДУБЛИКАТ ОБНАРУЖЕН]
  Кастомный источник : https://github.com/bratishkadrugoimamysynishka/geogaga-client-flavor/raw/main/custom-additions/geosite-direct.lst
  Элемент            : [domain] easyanticheat.net
  Апстрим-источники  :
    • https://github.com/hydraponique/roscomvpn-geosite/raw/release/geosite.dat [Категории: EPICGAMES]
----------------------------------------------------------------------
[ДУБЛИКАТ ОБНАРУЖЕН]
  Кастомный источник : https://github.com/bratishkadrugoimamysynishka/geogaga-client-flavor/raw/main/custom-additions/geosite-direct.lst
  Элемент            : [domain] epicgames.com
  Апстрим-источники  :
    • https://github.com/hydraponique/roscomvpn-geosite/raw/release/geosite.dat [Категории: CATEGORY-GEOBLOCK-RU, EPICGAMES]
----------------------------------------------------------------------
[ДУБЛИКАТ ОБНАРУЖЕН]
  Кастомный источник : https://github.com/bratishkadrugoimamysynishka/geogaga-client-flavor/raw/main/custom-additions/geosite-direct.lst
  Элемент            : [domain] epicgames.dev
  Апстрим-источники  :
    • https://github.com/hydraponique/roscomvpn-geosite/raw/release/geosite.dat [Категории: EPICGAMES]
----------------------------------------------------------------------
[ДУБЛИКАТ ОБНАРУЖЕН]
  Кастомный источник : https://github.com/bratishkadrugoimamysynishka/geogaga-client-flavor/raw/main/custom-additions/geosite-direct.lst
  Элемент            : [domain] epicgamescdn.com
  Апстрим-источники  :
    • https://github.com/hydraponique/roscomvpn-geosite/raw/release/geosite.dat [Категории: EPICGAMES]
----------------------------------------------------------------------
[ДУБЛИКАТ ОБНАРУЖЕН]
  Кастомный источник : https://github.com/bratishkadrugoimamysynishka/geogaga-client-flavor/raw/main/custom-additions/geosite-direct.lst
  Элемент            : [domain] fab.com
  Апстрим-источники  :
    • https://github.com/hydraponique/roscomvpn-geosite/raw/release/geosite.dat [Категории: EPICGAMES]
----------------------------------------------------------------------
[ДУБЛИКАТ ОБНАРУЖЕН]
  Кастомный источник : https://github.com/bratishkadrugoimamysynishka/geogaga-client-flavor/raw/main/custom-additions/geosite-direct.lst
  Элемент            : [domain] fortnite.com
  Апстрим-источники  :
    • https://github.com/hydraponique/roscomvpn-geosite/raw/release/geosite.dat [Категории: EPICGAMES]
----------------------------------------------------------------------
[ДУБЛИКАТ ОБНАРУЖЕН]
  Кастомный источник : https://github.com/bratishkadrugoimamysynishka/geogaga-client-flavor/raw/main/custom-additions/geosite-direct.lst
  Элемент            : [domain] hyprsense.com
  Апстрим-источники  :
    • https://github.com/hydraponique/roscomvpn-geosite/raw/release/geosite.dat [Категории: EPICGAMES]
----------------------------------------------------------------------
[ДУБЛИКАТ ОБНАРУЖЕН]
  Кастомный источник : https://github.com/bratishkadrugoimamysynishka/geogaga-client-flavor/raw/main/custom-additions/geosite-direct.lst
  Элемент            : [domain] paragon.com
  Апстрим-источники  :
    • https://github.com/hydraponique/roscomvpn-geosite/raw/release/geosite.dat [Категории: EPICGAMES]
----------------------------------------------------------------------
[ДУБЛИКАТ ОБНАРУЖЕН]
  Кастомный источник : https://github.com/bratishkadrugoimamysynishka/geogaga-client-flavor/raw/main/custom-additions/geosite-direct.lst
  Элемент            : [domain] playparagon.com
  Апстрим-источники  :
    • https://github.com/hydraponique/roscomvpn-geosite/raw/release/geosite.dat [Категории: EPICGAMES]
----------------------------------------------------------------------
[ДУБЛИКАТ ОБНАРУЖЕН]
  Кастомный источник : https://github.com/bratishkadrugoimamysynishka/geogaga-client-flavor/raw/main/custom-additions/geosite-direct.lst
  Элемент            : [domain] quixel.com
  Апстрим-источники  :
    • https://github.com/hydraponique/roscomvpn-geosite/raw/release/geosite.dat [Категории: EPICGAMES]
----------------------------------------------------------------------
[ДУБЛИКАТ ОБНАРУЖЕН]
  Кастомный источник : https://github.com/bratishkadrugoimamysynishka/geogaga-client-flavor/raw/main/custom-additions/geosite-direct.lst
  Элемент            : [domain] quixel.se
  Апстрим-источники  :
    • https://github.com/hydraponique/roscomvpn-geosite/raw/release/geosite.dat [Категории: EPICGAMES]
----------------------------------------------------------------------
[ДУБЛИКАТ ОБНАРУЖЕН]
  Кастомный источник : https://github.com/bratishkadrugoimamysynishka/geogaga-client-flavor/raw/main/custom-additions/geosite-direct.lst
  Элемент            : [domain] radgametools.com
  Апстрим-источники  :
    • https://github.com/hydraponique/roscomvpn-geosite/raw/release/geosite.dat [Категории: EPICGAMES]
----------------------------------------------------------------------
[ДУБЛИКАТ ОБНАРУЖЕН]
  Кастомный источник : https://github.com/bratishkadrugoimamysynishka/geogaga-client-flavor/raw/main/custom-additions/geosite-direct.lst
  Элемент            : [domain] realityscan.com
  Апстрим-источники  :
    • https://github.com/hydraponique/roscomvpn-geosite/raw/release/geosite.dat [Категории: EPICGAMES]
----------------------------------------------------------------------
[ДУБЛИКАТ ОБНАРУЖЕН]
  Кастомный источник : https://github.com/bratishkadrugoimamysynishka/geogaga-client-flavor/raw/main/custom-additions/geosite-direct.lst
  Элемент            : [domain] roborecall.com
  Апстрим-источники  :
    • https://github.com/hydraponique/roscomvpn-geosite/raw/release/geosite.dat [Категории: EPICGAMES]
----------------------------------------------------------------------
[ДУБЛИКАТ ОБНАРУЖЕН]
  Кастомный источник : https://github.com/bratishkadrugoimamysynishka/geogaga-client-flavor/raw/main/custom-additions/geosite-direct.lst
  Элемент            : [domain] shadowcomplex.com
  Апстрим-источники  :
    • https://github.com/hydraponique/roscomvpn-geosite/raw/release/geosite.dat [Категории: EPICGAMES]
----------------------------------------------------------------------
[ДУБЛИКАТ ОБНАРУЖЕН]
  Кастомный источник : https://github.com/bratishkadrugoimamysynishka/geogaga-client-flavor/raw/main/custom-additions/geosite-direct.lst
  Элемент            : [domain] sketchfab.com
  Апстрим-источники  :
    • https://github.com/hydraponique/roscomvpn-geosite/raw/release/geosite.dat [Категории: EPICGAMES]
----------------------------------------------------------------------
[ДУБЛИКАТ ОБНАРУЖЕН]
  Кастомный источник : https://github.com/bratishkadrugoimamysynishka/geogaga-client-flavor/raw/main/custom-additions/geosite-direct.lst
  Элемент            : [domain] spyjinx.com
  Апстрим-источники  :
    • https://github.com/hydraponique/roscomvpn-geosite/raw/release/geosite.dat [Категории: EPICGAMES]
----------------------------------------------------------------------
[ДУБЛИКАТ ОБНАРУЖЕН]
  Кастомный источник : https://github.com/bratishkadrugoimamysynishka/geogaga-client-flavor/raw/main/custom-additions/geosite-direct.lst
  Элемент            : [domain] twinmotion.com
  Апстрим-источники  :
    • https://github.com/hydraponique/roscomvpn-geosite/raw/release/geosite.dat [Категории: EPICGAMES]
----------------------------------------------------------------------
[ДУБЛИКАТ ОБНАРУЖЕН]
  Кастомный источник : https://github.com/bratishkadrugoimamysynishka/geogaga-client-flavor/raw/main/custom-additions/geosite-direct.lst
  Элемент            : [domain] unrealengine.com
  Апстрим-источники  :
    • https://github.com/hydraponique/roscomvpn-geosite/raw/release/geosite.dat [Категории: EPICGAMES]
----------------------------------------------------------------------
[ДУБЛИКАТ ОБНАРУЖЕН]
  Кастомный источник : https://github.com/bratishkadrugoimamysynishka/geogaga-client-flavor/raw/main/custom-additions/geosite-direct.lst
  Элемент            : [domain] unrealtournament.com
  Апстрим-источники  :
    • https://github.com/hydraponique/roscomvpn-geosite/raw/release/geosite.dat [Категории: EPICGAMES]
----------------------------------------------------------------------
