domain:zhihang100.com
domain:chaoxingv.com
domain:ancientbooks.cn
domain:apabi.com
domain:bjinfobank.com
domain:blyun.com
domain:medalink.cn
domain:chinabooktrading.com
domain:wf.pub
domain:cnbksy.com
domain:chndoi.org
domain:cspro.org
domain:noi.cn
domain:cnsciedu.com
domain:ibcet.org
domain:medicexam.net
domain:umajor.net
domain:vipexam.org
domain:cnthinkers.com
domain:cqvip.com
domain:crggcn.com
domain:cnki.net
domain:xuexi365.net
domain:duxiu.com
domain:er07.com
domain:ersjk.com
domain:twscholar.com
domain:gtarsc.com
domain:htcases.com
domain:hwshu.com
domain:hytung.cn
domain:incopat.com
domain:lawyee.org
domain:libvideo.com
domain:neohytung.com
domain:nmrdata.com
domain:nssd.cn
domain:xxtmail.com
domain:pkulaw.com
domain:rdfybk.com
domain:resset.com
domain:sciencechina.cn
domain:tokyotrial.cn
domain:tongxianghuicn.com
domain:sbsjk.com
domain:airitilibrary.cn
domain:xuexi365.com
domain:ssvideo.cn
domain:yiigle.com
domain:ssreader.cn
domain:wenxin-ge.com
domain:aichaoxing.com
domain:chaoxing.cc
domain:chaoxing.com
domain:uonline-sh.net
domain:cxbiji.com
domain:dayainfo.com
domain:hongbo100.com
domain:lnlib.net
domain:mndqlib.net
domain:mti100.com
domain:nihaoafrica.org
domain:nihaorwanda.cn
domain:sslawy.com
domain:sslibrary.com
domain:5read.com
domain:51ccd.com
domain:16q.cn
domain:zaifan.com
domain:ylike.net
domain:superlib.com
domain:superlib.net
domain:uonline-sh.com
domain:data.pharmacodia.com
domain:ssreader.com.cn
domain:pishu.com.cn
domain:drcnet.com.cn
domain:xuexi365.com.cn
domain:study360.com.cn
domain:ssvideo.com.cn
domain:unihan.com.cn
domain:wind.com.cn
domain:ccf.org.cn
domain:zaifan.com.cn
domain:cnki.com.cn
domain:cidp.com.cn
domain:wanfangdata.com.cn
domain:csdl.ac.cn
domain:iscas.ac.cn
domain:las.ac.cn
